[    0.000000] Linux version 6.10.10-arch1-1 (linux@archlinux) (gcc (GCC) 14.2.1 20240910, GNU ld (GNU Binutils) 2.43.0) #1 SMP PREEMPT_DYNAMIC Thu, 12 Sep 2024 17:21:02 +0000
[    0.000000] Command line: BOOT_IMAGE=/boot/vmlinuz-linux root=/dev/nvme0n1p6
[    0.000000] x86/split lock detection: #AC: crashing the kernel on kernel split_locks and warning on user-space split_locks
[    0.000000] BIOS-provided physical RAM map:
[    0.000000] BIOS-e820: [mem 0x0000000000000000-0x000000000009efff] usable
[    0.000000] BIOS-e820: [mem 0x000000000009f000-0x00000000000fffff] reserved
[    0.000000] BIOS-e820: [mem 0x0000000000100000-0x000000004ae2efff] usable
[    0.000000] BIOS-e820: [mem 0x000000004ae2f000-0x000000004ba2efff] ACPI NVS
[    0.000000] BIOS-e820: [mem 0x000000004ba2f000-0x000000004bafefff] ACPI data
[    0.000000] BIOS-e820: [mem 0x000000004baff000-0x000000004e4fefff] reserved
[    0.000000] BIOS-e820: [mem 0x000000004e4ff000-0x00000000804fefff] usable
[    0.000000] BIOS-e820: [mem 0x00000000804ff000-0x0000000083ffefff] reserved
[    0.000000] BIOS-e820: [mem 0x0000000083fff000-0x0000000083ffffff] usable
[    0.000000] BIOS-e820: [mem 0x0000000084000000-0x00000000987fffff] reserved
[    0.000000] BIOS-e820: [mem 0x00000000c0000000-0x00000000cfffffff] reserved
[    0.000000] BIOS-e820: [mem 0x00000000fed20000-0x00000000fed7ffff] reserved
[    0.000000] BIOS-e820: [mem 0x0000000100000000-0x000000085fffffff] usable
[    0.000000] NX (Execute Disable) protection: active
[    0.000000] APIC: Static calls initialized
[    0.000000] efi: EFI v2.7 by Lenovo
[    0.000000] efi: ACPI=0x4bafe000 ACPI 2.0=0x4bafe014 SMBIOS=0x4e208000 SMBIOS 3.0=0x4e1fb000 TPMFinalLog=0x4b958000 MEMATTR=0x78bcc018 ESRT=0x78bd3018 MOKvar=0x4e1f8000 RNG=0x4bafc018 TPMEventLog=0x4805f018 
[    0.000000] random: crng init done
[    0.000000] efi: Remove mem82: MMIO range=[0xc0000000-0xcfffffff] (256MB) from e820 map
[    0.000000] e820: remove [mem 0xc0000000-0xcfffffff] reserved
[    0.000000] SMBIOS 3.6.0 present.
[    0.000000] DMI: LENOVO 21KCCTO1WW/21KCCTO1WW, BIOS N3YET64W (1.29 ) 05/09/2024
[    0.000000] DMI: Memory slots populated: 8/8
[    0.000000] tsc: Detected 3000.000 MHz processor
[    0.000000] tsc: Detected 2995.200 MHz TSC
[    0.000007] e820: update [mem 0x00000000-0x00000fff] usable ==> reserved
[    0.000008] e820: remove [mem 0x000a0000-0x000fffff] usable
[    0.000012] last_pfn = 0x860000 max_arch_pfn = 0x400000000
[    0.000016] MTRR map: 8 entries (3 fixed + 5 variable; max 23), built from 10 variable MTRRs
[    0.000018] x86/PAT: Configuration [0-7]: WB  WC  UC- UC  WB  WP  UC- WT  
[    0.000481] x2apic: enabled by BIOS, switching to x2apic ops
[    0.000483] last_pfn = 0x84000 max_arch_pfn = 0x400000000
[    0.005162] esrt: Reserving ESRT space from 0x0000000078bd3018 to 0x0000000078bd32f8.
[    0.005166] e820: update [mem 0x78bd3000-0x78bd3fff] usable ==> reserved
[    0.005178] Using GB pages for direct mapping
[    0.005448] Secure boot disabled
[    0.005449] RAMDISK: [mem 0x3f740000-0x406fffff]
[    0.005469] ACPI: Early table checksum verification disabled
[    0.005472] ACPI: RSDP 0x000000004BAFE014 000024 (v02 LENOVO)
[    0.005475] ACPI: XSDT 0x000000004BAFD228 00018C (v01 LENOVO TP-N3Y   00001290 PTEC 00000002)
[    0.005479] ACPI: FACP 0x000000004E128000 000114 (v06 LENOVO TP-N3Y   00001290 PTEC 00000002)
[    0.005483] ACPI: DSDT 0x000000004E0B4000 070048 (v02 LENOVO ICL      00000002      01000013)
[    0.005486] ACPI: FACS 0x000000004B93C000 000040
[    0.005487] ACPI: SSDT 0x000000004E21C000 00038C (v02 LENOVO Pmax_Dev 00000001 INTL 20210930)
[    0.005489] ACPI: SSDT 0x000000004E21B000 000689 (v02 LENOVO Cpu0Ist  00003000 INTL 20210930)
[    0.005491] ACPI: SSDT 0x000000004E21A000 00049B (v02 LENOVO Cpu0Hwp  00003000 INTL 20210930)
[    0.005493] ACPI: SSDT 0x000000004E219000 0001AB (v02 LENOVO Cpu0Psd  00003000 INTL 20210930)
[    0.005494] ACPI: SSDT 0x000000004E218000 000394 (v02 LENOVO Cpu0Cst  00003001 INTL 20210930)
[    0.005496] ACPI: SSDT 0x000000004E216000 001BAF (v02 LENOVO ApIst    00003000 INTL 20210930)
[    0.005498] ACPI: SSDT 0x000000004E214000 001620 (v02 LENOVO ApHwp    00003000 INTL 20210930)
[    0.005500] ACPI: SSDT 0x000000004E212000 001349 (v02 LENOVO ApPsd    00003000 INTL 20210930)
[    0.005502] ACPI: SSDT 0x000000004E211000 000FBB (v02 LENOVO ApCst    00003000 INTL 20210930)
[    0.005503] ACPI: SSDT 0x000000004E20D000 003BC8 (v02 LENOVO CpuSsdt  00003000 INTL 20210930)
[    0.005505] ACPI: SSDT 0x000000004E20C000 00059B (v02 LENOVO CtdpB    00001000 INTL 20210930)
[    0.005507] ACPI: DTPR 0x000000004E209000 000098 (v01 LENOVO TP-N3Y   00001290 PTEC 00000002)
[    0.005509] ACPI: SSDT 0x000000004E172000 00128C (v02 LENOVO PDatTabl 00001000 INTL 20210930)
[    0.005510] ACPI: SSDT 0x000000004E131000 0024F3 (v02 LENOVO IgfxSsdt 00003000 INTL 20210930)
[    0.005512] ACPI: SSDT 0x000000004E12B000 005C40 (v02 LENOVO TcssSsdt 00001000 INTL 20210930)
[    0.005514] ACPI: SSDT 0x000000004E12A000 0000F9 (v02 LENOVO IpuSsdt  00001000 INTL 20210930)
[    0.005516] ACPI: ECDT 0x000000004E129000 000053 (v01 LENOVO TP-N3Y   00001290 PTEC 00000002)
[    0.005517] ACPI: HPET 0x000000004E127000 000038 (v01 LENOVO TP-N3Y   00001290 PTEC 00000002)
[    0.005519] ACPI: APIC 0x000000004E126000 000358 (v05 LENOVO TP-N3Y   00001290 PTEC 00000002)
[    0.005521] ACPI: MCFG 0x000000004E125000 00003C (v01 LENOVO TP-N3Y   00001290 PTEC 00000002)
[    0.005522] ACPI: SSDT 0x000000004E0B0000 003064 (v02 LENOVO MtlP_Rvp 00001000 INTL 20210930)
[    0.005524] ACPI: SSDT 0x000000004E0AF000 0002F9 (v02 LENOVO PID1Ssdt 00000010 INTL 20210930)
[    0.005526] ACPI: SSDT 0x000000004E0AD000 001191 (v02 LENOVO ProjSsdt 00000010 INTL 20210930)
[    0.005528] ACPI: SSDT 0x000000004E0A9000 003B8B (v02 LENOVO DptfTabl 00001000 INTL 20210930)
[    0.005529] ACPI: SSDT 0x000000004E0A8000 00060E (v02 LENOVO Tpm2Tabl 00001000 INTL 20210930)
[    0.005531] ACPI: TPM2 0x000000004E0A7000 00004C (v04 LENOVO TP-N3Y   00001290 PTEC 00000002)
[    0.005533] ACPI: LPIT 0x000000004E0A6000 0000CC (v01 LENOVO TP-N3Y   00001290 PTEC 00000002)
[    0.005535] ACPI: WSMT 0x000000004E0A5000 000028 (v01 LENOVO TP-N3Y   00001290 PTEC 00000002)
[    0.005536] ACPI: SSDT 0x000000004E09F000 00587D (v02 LENOVO TbtTypeC 00000000 INTL 20210930)
[    0.005538] ACPI: DBGP 0x000000004E09E000 000034 (v01 LENOVO TP-N3Y   00001290 PTEC 00000002)
[    0.005540] ACPI: DBG2 0x000000004E09D000 000054 (v00 LENOVO TP-N3Y   00001290 PTEC 00000002)
[    0.005542] ACPI: NHLT 0x000000004E09C000 00096C (v00 LENOVO TP-N3Y   00001290 PTEC 00000002)
[    0.005543] ACPI: MSDM 0x000000004E09B000 000055 (v03 LENOVO TP-N3Y   00001290 PTEC 00000002)
[    0.005545] ACPI: SSDT 0x000000004E086000 000F9A (v02 LENOVO UsbCTabl 00001000 INTL 20210930)
[    0.005547] ACPI: BATB 0x000000004E207000 00004A (v02 LENOVO TP-N3Y   00001290 PTEC 00000002)
[    0.005548] ACPI: DMAR 0x000000004E205000 0000A8 (v01 LENOVO TP-N3Y   00001290 PTEC 00000002)
[    0.005550] ACPI: SSDT 0x000000004E203000 0011A0 (v02 LENOVO St00Ssdt 00001000 INTL 20210930)
[    0.005552] ACPI: FPDT 0x000000004E202000 000044 (v01 LENOVO TP-N3Y   00001290 PTEC 00000002)
[    0.005554] ACPI: SSDT 0x000000004E200000 00171B (v02 LENOVO SocGpe   00003000 INTL 20210930)
[    0.005555] ACPI: SSDT 0x000000004E1FD000 0028D3 (v02 LENOVO SocCmn   00003000 INTL 20210930)
[    0.005557] ACPI: SDEV 0x000000004E1FC000 000046 (v01 LENOVO TP-N3Y   00001290 PTEC 00000002)
[    0.005559] ACPI: PHAT 0x000000004E1FA000 0008CC (v01 LENOVO TP-N3Y   00001290 PTEC 00000002)
[    0.005561] ACPI: BGRT 0x000000004E1F9000 000038 (v01 LENOVO TP-N3Y   00001290 PTEC 00000002)
[    0.005562] ACPI: UEFI 0x000000004B938000 000076 (v01 LENOVO TP-N3Y   00001290 PTEC 00000002)
[    0.005564] ACPI: Reserving FACP table memory at [mem 0x4e128000-0x4e128113]
[    0.005564] ACPI: Reserving DSDT table memory at [mem 0x4e0b4000-0x4e124047]
[    0.005565] ACPI: Reserving FACS table memory at [mem 0x4b93c000-0x4b93c03f]
[    0.005566] ACPI: Reserving SSDT table memory at [mem 0x4e21c000-0x4e21c38b]
[    0.005566] ACPI: Reserving SSDT table memory at [mem 0x4e21b000-0x4e21b688]
[    0.005566] ACPI: Reserving SSDT table memory at [mem 0x4e21a000-0x4e21a49a]
[    0.005567] ACPI: Reserving SSDT table memory at [mem 0x4e219000-0x4e2191aa]
[    0.005567] ACPI: Reserving SSDT table memory at [mem 0x4e218000-0x4e218393]
[    0.005568] ACPI: Reserving SSDT table memory at [mem 0x4e216000-0x4e217bae]
[    0.005568] ACPI: Reserving SSDT table memory at [mem 0x4e214000-0x4e21561f]
[    0.005569] ACPI: Reserving SSDT table memory at [mem 0x4e212000-0x4e213348]
[    0.005569] ACPI: Reserving SSDT table memory at [mem 0x4e211000-0x4e211fba]
[    0.005570] ACPI: Reserving SSDT table memory at [mem 0x4e20d000-0x4e210bc7]
[    0.005570] ACPI: Reserving SSDT table memory at [mem 0x4e20c000-0x4e20c59a]
[    0.005571] ACPI: Reserving DTPR table memory at [mem 0x4e209000-0x4e209097]
[    0.005571] ACPI: Reserving SSDT table memory at [mem 0x4e172000-0x4e17328b]
[    0.005571] ACPI: Reserving SSDT table memory at [mem 0x4e131000-0x4e1334f2]
[    0.005572] ACPI: Reserving SSDT table memory at [mem 0x4e12b000-0x4e130c3f]
[    0.005572] ACPI: Reserving SSDT table memory at [mem 0x4e12a000-0x4e12a0f8]
[    0.005573] ACPI: Reserving ECDT table memory at [mem 0x4e129000-0x4e129052]
[    0.005573] ACPI: Reserving HPET table memory at [mem 0x4e127000-0x4e127037]
[    0.005574] ACPI: Reserving APIC table memory at [mem 0x4e126000-0x4e126357]
[    0.005574] ACPI: Reserving MCFG table memory at [mem 0x4e125000-0x4e12503b]
[    0.005574] ACPI: Reserving SSDT table memory at [mem 0x4e0b0000-0x4e0b3063]
[    0.005575] ACPI: Reserving SSDT table memory at [mem 0x4e0af000-0x4e0af2f8]
[    0.005575] ACPI: Reserving SSDT table memory at [mem 0x4e0ad000-0x4e0ae190]
[    0.005576] ACPI: Reserving SSDT table memory at [mem 0x4e0a9000-0x4e0acb8a]
[    0.005576] ACPI: Reserving SSDT table memory at [mem 0x4e0a8000-0x4e0a860d]
[    0.005577] ACPI: Reserving TPM2 table memory at [mem 0x4e0a7000-0x4e0a704b]
[    0.005577] ACPI: Reserving LPIT table memory at [mem 0x4e0a6000-0x4e0a60cb]
[    0.005578] ACPI: Reserving WSMT table memory at [mem 0x4e0a5000-0x4e0a5027]
[    0.005578] ACPI: Reserving SSDT table memory at [mem 0x4e09f000-0x4e0a487c]
[    0.005578] ACPI: Reserving DBGP table memory at [mem 0x4e09e000-0x4e09e033]
[    0.005579] ACPI: Reserving DBG2 table memory at [mem 0x4e09d000-0x4e09d053]
[    0.005579] ACPI: Reserving NHLT table memory at [mem 0x4e09c000-0x4e09c96b]
[    0.005580] ACPI: Reserving MSDM table memory at [mem 0x4e09b000-0x4e09b054]
[    0.005580] ACPI: Reserving SSDT table memory at [mem 0x4e086000-0x4e086f99]
[    0.005581] ACPI: Reserving BATB table memory at [mem 0x4e207000-0x4e207049]
[    0.005581] ACPI: Reserving DMAR table memory at [mem 0x4e205000-0x4e2050a7]
[    0.005582] ACPI: Reserving SSDT table memory at [mem 0x4e203000-0x4e20419f]
[    0.005582] ACPI: Reserving FPDT table memory at [mem 0x4e202000-0x4e202043]
[    0.005583] ACPI: Reserving SSDT table memory at [mem 0x4e200000-0x4e20171a]
[    0.005583] ACPI: Reserving SSDT table memory at [mem 0x4e1fd000-0x4e1ff8d2]
[    0.005583] ACPI: Reserving SDEV table memory at [mem 0x4e1fc000-0x4e1fc045]
[    0.005584] ACPI: Reserving PHAT table memory at [mem 0x4e1fa000-0x4e1fa8cb]
[    0.005584] ACPI: Reserving BGRT table memory at [mem 0x4e1f9000-0x4e1f9037]
[    0.005585] ACPI: Reserving UEFI table memory at [mem 0x4b938000-0x4b938075]
[    0.005622] APIC: Switched APIC routing to: cluster x2apic
[    0.005930] No NUMA configuration found
[    0.005930] Faking a node at [mem 0x0000000000000000-0x000000085fffffff]
[    0.005933] NODE_DATA(0) allocated [mem 0x85fffb000-0x85fffffff]
[    0.005962] Zone ranges:
[    0.005963]   DMA      [mem 0x0000000000001000-0x0000000000ffffff]
[    0.005964]   DMA32    [mem 0x0000000001000000-0x00000000ffffffff]
[    0.005965]   Normal   [mem 0x0000000100000000-0x000000085fffffff]
[    0.005966]   Device   empty
[    0.005966] Movable zone start for each node
[    0.005967] Early memory node ranges
[    0.005967]   node   0: [mem 0x0000000000001000-0x000000000009efff]
[    0.005968]   node   0: [mem 0x0000000000100000-0x000000004ae2efff]
[    0.005969]   node   0: [mem 0x000000004e4ff000-0x00000000804fefff]
[    0.005970]   node   0: [mem 0x0000000083fff000-0x0000000083ffffff]
[    0.005970]   node   0: [mem 0x0000000100000000-0x000000085fffffff]
[    0.005972] Initmem setup node 0 [mem 0x0000000000001000-0x000000085fffffff]
[    0.005976] On node 0, zone DMA: 1 pages in unavailable ranges
[    0.005999] On node 0, zone DMA: 97 pages in unavailable ranges
[    0.008930] On node 0, zone DMA32: 14032 pages in unavailable ranges
[    0.009018] On node 0, zone DMA32: 15104 pages in unavailable ranges
[    0.054073] On node 0, zone Normal: 16384 pages in unavailable ranges
[    0.055277] ACPI: PM-Timer IO Port: 0x1808
[    0.055282] CPU topo: Boot CPU APIC ID not the first enumerated APIC ID: 20 != 10
[    0.055283] CPU topo: [Firmware Bug]: APIC enumeration order not specification compliant
[    0.055286] ACPI: X2APIC_NMI (uid[0xffffffff] high level lint[0x1])
[    0.055319] IOAPIC[0]: apic_id 2, version 32, address 0xfec00000, GSI 0-119
[    0.055321] ACPI: INT_SRC_OVR (bus 0 bus_irq 0 global_irq 2 dfl dfl)
[    0.055322] ACPI: INT_SRC_OVR (bus 0 bus_irq 9 global_irq 9 high level)
[    0.055325] ACPI: Using ACPI (MADT) for SMP configuration information
[    0.055326] ACPI: HPET id: 0x8086a201 base: 0xfed00000
[    0.055332] e820: update [mem 0x788dc000-0x78a20fff] usable ==> reserved
[    0.055339] TSC deadline timer available
[    0.055342] CPU topo: Max. logical packages:   1
[    0.055342] CPU topo: Max. logical dies:       1
[    0.055342] CPU topo: Max. dies per package:   1
[    0.055345] CPU topo: Max. threads per core:   2
[    0.055345] CPU topo: Num. cores per package:    16
[    0.055346] CPU topo: Num. threads per package:  22
[    0.055346] CPU topo: Allowing 22 present CPUs plus 0 hotplug CPUs
[    0.055355] PM: hibernation: Registered nosave memory: [mem 0x00000000-0x00000fff]
[    0.055356] PM: hibernation: Registered nosave memory: [mem 0x0009f000-0x000fffff]
[    0.055357] PM: hibernation: Registered nosave memory: [mem 0x4ae2f000-0x4ba2efff]
[    0.055358] PM: hibernation: Registered nosave memory: [mem 0x4ba2f000-0x4bafefff]
[    0.055358] PM: hibernation: Registered nosave memory: [mem 0x4baff000-0x4e4fefff]
[    0.055359] PM: hibernation: Registered nosave memory: [mem 0x788dc000-0x78a20fff]
[    0.055360] PM: hibernation: Registered nosave memory: [mem 0x78bd3000-0x78bd3fff]
[    0.055360] PM: hibernation: Registered nosave memory: [mem 0x804ff000-0x83ffefff]
[    0.055361] PM: hibernation: Registered nosave memory: [mem 0x84000000-0x987fffff]
[    0.055362] PM: hibernation: Registered nosave memory: [mem 0x98800000-0xfed1ffff]
[    0.055362] PM: hibernation: Registered nosave memory: [mem 0xfed20000-0xfed7ffff]
[    0.055362] PM: hibernation: Registered nosave memory: [mem 0xfed80000-0xffffffff]
[    0.055363] [mem 0x98800000-0xfed1ffff] available for PCI devices
[    0.055364] Booting paravirtualized kernel on bare hardware
[    0.055366] clocksource: refined-jiffies: mask: 0xffffffff max_cycles: 0xffffffff, max_idle_ns: 6370452778343963 ns
[    0.059293] setup_percpu: NR_CPUS:320 nr_cpumask_bits:22 nr_cpu_ids:22 nr_node_ids:1
[    0.060745] percpu: Embedded 66 pages/cpu s233472 r8192 d28672 u524288
[    0.060749] pcpu-alloc: s233472 r8192 d28672 u524288 alloc=1*2097152
[    0.060750] pcpu-alloc: [0] 00 01 02 03 [0] 04 05 06 07 
[    0.060754] pcpu-alloc: [0] 08 09 10 11 [0] 12 13 14 15 
[    0.060756] pcpu-alloc: [0] 16 17 18 19 [0] 20 21 -- -- 
[    0.060769] Kernel command line: BOOT_IMAGE=/boot/vmlinuz-linux root=/dev/nvme0n1p6
[    0.060790] Unknown kernel command line parameters "BOOT_IMAGE=/boot/vmlinuz-linux", will be passed to user space.
[    0.060798] printk: log_buf_len individual max cpu contribution: 4096 bytes
[    0.060799] printk: log_buf_len total cpu_extra contributions: 86016 bytes
[    0.060800] printk: log_buf_len min size: 131072 bytes
[    0.060947] printk: log_buf_len: 262144 bytes
[    0.060948] printk: early log buf free: 115872(88%)
[    0.063802] Dentry cache hash table entries: 4194304 (order: 13, 33554432 bytes, linear)
[    0.065208] Inode-cache hash table entries: 2097152 (order: 12, 16777216 bytes, linear)
[    0.065375] Fallback order for Node 0: 0 
[    0.065379] Built 1 zonelists, mobility grouping on.  Total pages: 8244686
[    0.065380] Policy zone: Normal
[    0.065587] mem auto-init: stack:all(zero), heap alloc:on, heap free:off
[    0.065598] software IO TLB: area num 32.
[    0.117835] Memory: 32094196K/32978744K available (18432K kernel code, 2177K rwdata, 13440K rodata, 3436K init, 3484K bss, 884288K reserved, 0K cma-reserved)
[    0.118012] SLUB: HWalign=64, Order=0-3, MinObjects=0, CPUs=22, Nodes=1
[    0.118066] ftrace: allocating 50284 entries in 197 pages
[    0.125339] ftrace: allocated 197 pages with 4 groups
[    0.125412] Dynamic Preempt: full
[    0.125493] rcu: Preemptible hierarchical RCU implementation.
[    0.125494] rcu: 	RCU restricting CPUs from NR_CPUS=320 to nr_cpu_ids=22.
[    0.125495] rcu: 	RCU priority boosting: priority 1 delay 500 ms.
[    0.125496] 	Trampoline variant of Tasks RCU enabled.
[    0.125496] 	Rude variant of Tasks RCU enabled.
[    0.125496] 	Tracing variant of Tasks RCU enabled.
[    0.125497] rcu: RCU calculated value of scheduler-enlistment delay is 30 jiffies.
[    0.125498] rcu: Adjusting geometry for rcu_fanout_leaf=16, nr_cpu_ids=22
[    0.125515] RCU Tasks: Setting shift to 5 and lim to 1 rcu_task_cb_adjust=1.
[    0.125517] RCU Tasks Rude: Setting shift to 5 and lim to 1 rcu_task_cb_adjust=1.
[    0.125519] RCU Tasks Trace: Setting shift to 5 and lim to 1 rcu_task_cb_adjust=1.
[    0.127495] NR_IRQS: 20736, nr_irqs: 2232, preallocated irqs: 16
[    0.127801] rcu: srcu_init: Setting srcu_struct sizes based on contention.
[    0.128041] kfence: initialized - using 2097152 bytes for 255 objects at 0x(____ptrval____)-0x(____ptrval____)
[    0.128087] Console: colour dummy device 80x25
[    0.128089] printk: legacy console [tty0] enabled
[    0.128127] ACPI: Core revision 20240322
[    0.128413] hpet: HPET dysfunctional in PC10. Force disabled.
[    0.128414] APIC: Switch to symmetric I/O mode setup
[    0.128416] DMAR: Host address width 42
[    0.128417] DMAR: DRHD base: 0x000000fc800000 flags: 0x0
[    0.128423] DMAR: dmar0: reg_base_addr fc800000 ver 7:0 cap c9de008cee690462 ecap 12ca9a00f0ef5e
[    0.128425] DMAR: DRHD base: 0x000000fc801000 flags: 0x1
[    0.128428] DMAR: dmar1: reg_base_addr fc801000 ver 7:0 cap c9de008cee690462 ecap 12ca9a00f0efde
[    0.128430] DMAR: SATC flags: 0x1
[    0.128432] DMAR-IR: IOAPIC id 2 under DRHD base  0xfc801000 IOMMU 1
[    0.128433] DMAR-IR: HPET id 0 under DRHD base 0xfc801000
[    0.128434] DMAR-IR: Queued invalidation will be enabled to support x2apic and Intr-remapping.
[    0.130073] DMAR-IR: Enabled IRQ remapping in x2apic mode
[    0.134056] clocksource: tsc-early: mask: 0xffffffffffffffff max_cycles: 0x2b2c8ec87c7, max_idle_ns: 440795278598 ns
[    0.134065] Calibrating delay loop (skipped), value calculated using timer frequency.. 5992.00 BogoMIPS (lpj=9984000)
[    0.134123] CPU0: Thermal monitoring enabled (TM1)
[    0.134124] x86/cpu: User Mode Instruction Prevention (UMIP) activated
[    0.134302] CET detected: Indirect Branch Tracking enabled
[    0.134304] Last level iTLB entries: 4KB 0, 2MB 0, 4MB 0
[    0.134304] Last level dTLB entries: 4KB 0, 2MB 0, 4MB 0, 1GB 0
[    0.134307] process: using mwait in idle threads
[    0.134309] Spectre V1 : Mitigation: usercopy/swapgs barriers and __user pointer sanitization
[    0.134311] Spectre V2 : Mitigation: Enhanced / Automatic IBRS
[    0.134311] Spectre V2 : Spectre v2 / SpectreRSB mitigation: Filling RSB on context switch
[    0.134313] Spectre V2 : mitigation: Enabling conditional Indirect Branch Prediction Barrier
[    0.134313] Speculative Store Bypass: Mitigation: Speculative Store Bypass disabled via prctl
[    0.134323] x86/fpu: Supporting XSAVE feature 0x001: 'x87 floating point registers'
[    0.134323] x86/fpu: Supporting XSAVE feature 0x002: 'SSE registers'
[    0.134324] x86/fpu: Supporting XSAVE feature 0x004: 'AVX registers'
[    0.134324] x86/fpu: Supporting XSAVE feature 0x200: 'Protection Keys User registers'
[    0.134325] x86/fpu: Supporting XSAVE feature 0x800: 'Control-flow User registers'
[    0.134325] x86/fpu: xstate_offset[2]:  576, xstate_sizes[2]:  256
[    0.134326] x86/fpu: xstate_offset[9]:  832, xstate_sizes[9]:    8
[    0.134327] x86/fpu: xstate_offset[11]:  840, xstate_sizes[11]:   16
[    0.134328] x86/fpu: Enabled xstate features 0xa07, context size is 856 bytes, using 'compacted' format.
[    0.137396] Freeing SMP alternatives memory: 40K
[    0.137396] pid_max: default: 32768 minimum: 301
[    0.137396] LSM: initializing lsm=capability,landlock,lockdown,yama,bpf
[    0.137396] landlock: Up and running.
[    0.137396] Yama: becoming mindful.
[    0.137396] LSM support for eBPF active
[    0.137396] Mount-cache hash table entries: 65536 (order: 7, 524288 bytes, linear)
[    0.137396] Mountpoint-cache hash table entries: 65536 (order: 7, 524288 bytes, linear)
[    0.137396] smpboot: CPU0: Intel(R) Core(TM) Ultra 7 155H (family: 0x6, model: 0xaa, stepping: 0x4)
[    0.137396] Performance Events: XSAVE Architectural LBR, PEBS fmt4+-baseline,  AnyThread deprecated, Meteorlake Hybrid events, 32-deep LBR, full-width counters, Intel PMU driver.
[    0.137396] core: cpu_core PMU driver: 
[    0.137396] ... version:                5
[    0.137396] ... bit width:              48
[    0.137396] ... generic registers:      8
[    0.137396] ... value mask:             0000ffffffffffff
[    0.137396] ... max period:             00007fffffffffff
[    0.137396] ... fixed-purpose events:   4
[    0.137396] ... event mask:             0001000f000000ff
[    0.137396] signal: max sigframe size: 3632
[    0.137396] Estimated ratio of average max frequency by base frequency (times 1024): 1638
[    0.137396] rcu: Hierarchical SRCU implementation.
[    0.137396] rcu: 	Max phase no-delay instances is 1000.
[    0.137396] NMI watchdog: Enabled. Permanently consumes one hw-PMU counter.
[    0.137396] smp: Bringing up secondary CPUs ...
[    0.137396] smpboot: x86: Booting SMP configuration:
[    0.137396] .... node  #0, CPUs:        #1  #3  #6  #8 #10 #12 #13 #14 #15 #16 #17 #18 #19 #20 #21
[    0.009455] core: cpu_atom PMU driver: PEBS-via-PT 
[    0.009455] ... version:                5
[    0.009455] ... bit width:              48
[    0.009455] ... generic registers:      8
[    0.009455] ... value mask:             0000ffffffffffff
[    0.009455] ... max period:             00007fffffffffff
[    0.009455] ... fixed-purpose events:   3
[    0.009455] ... event mask:             00000007000000ff
[    0.144265]   #2  #4  #5  #7  #9 #11
[    0.150767] smp: Brought up 1 node, 22 CPUs
[    0.150767] smpboot: Total of 22 processors activated (131841.00 BogoMIPS)
[    0.154937] devtmpfs: initialized
[    0.154937] x86/mm: Memory block size: 128MB
[    0.155430] ACPI: PM: Registering ACPI NVS region [mem 0x4ae2f000-0x4ba2efff] (12582912 bytes)
[    0.155430] clocksource: jiffies: mask: 0xffffffff max_cycles: 0xffffffff, max_idle_ns: 6370867519511994 ns
[    0.155430] futex hash table entries: 8192 (order: 7, 524288 bytes, linear)
[    0.155430] pinctrl core: initialized pinctrl subsystem
[    0.155430] PM: RTC time: 15:11:46, date: 2024-09-26
[    0.157451] NET: Registered PF_NETLINK/PF_ROUTE protocol family
[    0.157884] DMA: preallocated 4096 KiB GFP_KERNEL pool for atomic allocations
[    0.158250] DMA: preallocated 4096 KiB GFP_KERNEL|GFP_DMA pool for atomic allocations
[    0.158614] DMA: preallocated 4096 KiB GFP_KERNEL|GFP_DMA32 pool for atomic allocations
[    0.158618] audit: initializing netlink subsys (disabled)
[    0.158622] audit: type=2000 audit(1727363506.023:1): state=initialized audit_enabled=0 res=1
[    0.158622] thermal_sys: Registered thermal governor 'fair_share'
[    0.158622] thermal_sys: Registered thermal governor 'bang_bang'
[    0.158622] thermal_sys: Registered thermal governor 'step_wise'
[    0.158622] thermal_sys: Registered thermal governor 'user_space'
[    0.158622] thermal_sys: Registered thermal governor 'power_allocator'
[    0.158622] cpuidle: using governor ladder
[    0.158622] cpuidle: using governor menu
[    0.158622] acpiphp: ACPI Hot Plug PCI Controller Driver version: 0.5
[    0.158622] PCI: ECAM [mem 0xc0000000-0xcfffffff] (base 0xc0000000) for domain 0000 [bus 00-ff]
[    0.158622] PCI: Using configuration type 1 for base access
[    0.158622] kprobes: kprobe jump-optimization is enabled. All kprobes are optimized if possible.
[    0.158622] HugeTLB: registered 1.00 GiB page size, pre-allocated 0 pages
[    0.158622] HugeTLB: 16380 KiB vmemmap can be freed for a 1.00 GiB page
[    0.158622] HugeTLB: registered 2.00 MiB page size, pre-allocated 0 pages
[    0.158622] HugeTLB: 28 KiB vmemmap can be freed for a 2.00 MiB page
[    0.158622] Demotion targets for Node 0: null
[    0.158622] ACPI: Added _OSI(Module Device)
[    0.158622] ACPI: Added _OSI(Processor Device)
[    0.158622] ACPI: Added _OSI(3.0 _SCP Extensions)
[    0.158622] ACPI: Added _OSI(Processor Aggregator Device)
[    0.275344] ACPI: 26 ACPI AML tables successfully acquired and loaded
[    0.278540] ACPI: EC: EC started
[    0.278543] ACPI: EC: interrupt blocked
[    0.280246] ACPI: EC: EC_CMD/EC_SC=0x66, EC_DATA=0x62
[    0.280250] ACPI: EC: Boot ECDT EC used to handle transactions
[    0.284242] ACPI: [Firmware Bug]: BIOS _OSI(Linux) query ignored
[    0.346154] ACPI: USB4 _OSC: OS supports USB3+ DisplayPort+ PCIe+ XDomain+
[    0.346161] ACPI: USB4 _OSC: OS controls USB3+ DisplayPort+ PCIe+ XDomain+
[    0.362216] ACPI: _OSC evaluated successfully for all CPUs
[    0.362220] ACPI: Interpreter enabled
[    0.362392] ACPI: PM: (supports S0 S4 S5)
[    0.362395] ACPI: Using IOAPIC for interrupt routing
[    0.365925] PCI: Using host bridge windows from ACPI; if necessary, use "pci=nocrs" and report a bug
[    0.365928] PCI: Ignoring E820 reservations for host bridge windows
[    0.371281] ACPI: Enabled 9 GPEs in block 00 to 7F
[    0.371311] ACPI: Enabled 8 GPEs in block 80 to DF
[    0.377971] ACPI: \_SB_.PC00.LPCB.EC__.PUBS: New power resource
[    0.386875] ACPI: \_SB_.PC00.XHCI.RHUB.HS08.WWPR: New power resource
[    0.387936] ACPI: \_SB_.PC00.XHCI.RHUB.HS10.BTRT: New power resource
[    0.387981] ACPI: \_SB_.PC00.XHCI.RHUB.HS10.DBTR: New power resource
[    0.399023] ACPI: \_SB_.PC00.CNVW.WRST: New power resource
[    0.401741] ACPI: \_SB_.PC00.RP01.PXP_: New power resource
[    0.409177] ACPI: \_SB_.PC00.RP06.PXP_: New power resource
[    0.412047] ACPI: \_SB_.PC00.RP07.PXP_: New power resource
[    0.414218] ACPI: \_SB_.PC00.RP07.PXSX.MRST: New power resource
[    0.417175] ACPI: \_SB_.PC00.RP08.PXSX.WRST: New power resource
[    0.419414] ACPI: \_SB_.PC00.RP10.PXP_: New power resource
[    0.459036] ACPI: \_SB_.PC00.TBT0: New power resource
[    0.459097] ACPI: \_SB_.PC00.TBT1: New power resource
[    0.459148] ACPI: \_SB_.PC00.D3C_: New power resource
[    0.528672] ACPI: \PIN_: New power resource
[    0.528723] ACPI: \PINP: New power resource
[    0.530033] ACPI: PCI Root Bridge [PC00] (domain 0000 [bus 00-fe])
[    0.530050] acpi PNP0A08:00: _OSC: OS supports [ExtendedConfig ASPM ClockPM Segments MSI EDR HPX-Type3]
[    0.532582] acpi PNP0A08:00: _OSC: platform does not support [AER]
[    0.537497] acpi PNP0A08:00: _OSC: OS now controls [PCIeHotplug SHPCHotplug PME PCIeCapability LTR DPC]
[    0.544310] PCI host bridge to bus 0000:00
[    0.544315] pci_bus 0000:00: root bus resource [io  0x0000-0x0cf7 window]
[    0.544321] pci_bus 0000:00: root bus resource [io  0x0d00-0xffff window]
[    0.544325] pci_bus 0000:00: root bus resource [mem 0x000a0000-0x000bffff window]
[    0.544328] pci_bus 0000:00: root bus resource [mem 0xa0000000-0xbfffffff window]
[    0.544332] pci_bus 0000:00: root bus resource [mem 0x4000000000-0x3ffbfffffff window]
[    0.544336] pci_bus 0000:00: root bus resource [bus 00-fe]
[    0.652572] pci 0000:00:00.0: [8086:7d01] type 00 class 0x060000 conventional PCI endpoint
[    0.652839] pci 0000:00:02.0: [8086:7d55] type 00 class 0x030000 PCIe Root Complex Integrated Endpoint
[    0.652862] pci 0000:00:02.0: BAR 0 [mem 0x4058000000-0x4058ffffff 64bit pref]
[    0.652878] pci 0000:00:02.0: BAR 2 [mem 0x4000000000-0x400fffffff 64bit pref]
[    0.652935] pci 0000:00:02.0: DMAR: Skip IOMMU disabling for graphics
[    0.652943] pci 0000:00:02.0: Video device with shadowed ROM at [mem 0x000c0000-0x000dffff]
[    0.652997] pci 0000:00:02.0: PME# supported from D0 D3hot
[    0.653025] pci 0000:00:02.0: VF BAR 0 [mem 0x00000000-0x00ffffff 64bit pref]
[    0.653029] pci 0000:00:02.0: VF BAR 0 [mem 0x00000000-0x06ffffff 64bit pref]: contains BAR 0 for 7 VFs
[    0.653477] pci 0000:00:04.0: [8086:7d03] type 00 class 0x118000 conventional PCI endpoint
[    0.653503] pci 0000:00:04.0: BAR 0 [mem 0x405b6c0000-0x405b6dffff 64bit]
[    0.654424] pci 0000:00:05.0: [8086:7d19] type 00 class 0x048000 PCIe Root Complex Integrated Endpoint
[    0.654443] pci 0000:00:05.0: BAR 0 [mem 0x4059000000-0x4059ffffff 64bit]
[    0.654473] pci 0000:00:05.0: enabling Extended Tags
[    0.654914] pci 0000:00:06.0: [8086:7e4d] type 01 class 0x060400 PCIe Root Port
[    0.655008] pci 0000:00:06.0: PCI bridge to [bus 1c]
[    0.655050] pci 0000:00:06.0:   bridge window [mem 0x405a200000-0x405abfffff 64bit pref]
[    0.655324] pci 0000:00:06.0: PME# supported from D0 D3hot D3cold
[    0.655418] pci 0000:00:06.0: PTM enabled (root), 4ns granularity
[    0.657475] pci 0000:00:06.1: [8086:7eca] type 01 class 0x060400 PCIe Root Port
[    0.657628] pci 0000:00:06.1: PCI bridge to [bus 04]
[    0.657683] pci 0000:00:06.1:   bridge window [mem 0xbad00000-0xbadfffff]
[    0.658096] pci 0000:00:06.1: PME# supported from D0 D3hot D3cold
[    0.658237] pci 0000:00:06.1: PTM enabled (root), 4ns granularity
[    0.660078] pci 0000:00:07.0: [8086:7ec4] type 01 class 0x060400 PCIe Root Port
[    0.660127] pci 0000:00:07.0: PCI bridge to [bus 20-49]
[    0.660137] pci 0000:00:07.0:   bridge window [mem 0xae000000-0xba1fffff]
[    0.660152] pci 0000:00:07.0:   bridge window [mem 0x4010000000-0x402bffffff 64bit pref]
[    0.660369] pci 0000:00:07.0: PME# supported from D0 D3hot D3cold
[    0.660465] pci 0000:00:07.0: PTM enabled (root), 4ns granularity
[    0.662411] pci 0000:00:07.2: [8086:7ec6] type 01 class 0x060400 PCIe Root Port
[    0.662453] pci 0000:00:07.2: PCI bridge to [bus 50-79]
[    0.662463] pci 0000:00:07.2:   bridge window [mem 0xa0000000-0xac1fffff]
[    0.662484] pci 0000:00:07.2:   bridge window [mem 0x4030000000-0x404bffffff 64bit pref]
[    0.662693] pci 0000:00:07.2: PME# supported from D0 D3hot D3cold
[    0.662788] pci 0000:00:07.2: PTM enabled (root), 4ns granularity
[    0.664747] pci 0000:00:08.0: [8086:7e4c] type 00 class 0x088000 conventional PCI endpoint
[    0.664774] pci 0000:00:08.0: BAR 0 [mem 0x405b720000-0x405b720fff 64bit]
[    0.665004] pci 0000:00:0a.0: [8086:7d0d] type 00 class 0x118000 PCIe Root Complex Integrated Endpoint
[    0.665021] pci 0000:00:0a.0: BAR 0 [mem 0x405b680000-0x405b6bffff 64bit]
[    0.665053] pci 0000:00:0a.0: enabling Extended Tags
[    0.665191] pci 0000:00:0b.0: [8086:7d1d] type 00 class 0x120000 PCIe Root Complex Integrated Endpoint
[    0.665209] pci 0000:00:0b.0: BAR 0 [mem 0x4050000000-0x4057ffffff 64bit]
[    0.665231] pci 0000:00:0b.0: BAR 4 [mem 0x405b71f000-0x405b71ffff 64bit]
[    0.665461] pci 0000:00:0d.0: [8086:7ec0] type 00 class 0x0c0330 conventional PCI endpoint
[    0.665504] pci 0000:00:0d.0: BAR 0 [mem 0x405b700000-0x405b70ffff 64bit]
[    0.665707] pci 0000:00:0d.0: PME# supported from D3hot D3cold
[    0.666601] pci 0000:00:0d.2: [8086:7ec2] type 00 class 0x0c0340 conventional PCI endpoint
[    0.666639] pci 0000:00:0d.2: BAR 0 [mem 0x405b640000-0x405b67ffff 64bit]
[    0.666658] pci 0000:00:0d.2: BAR 2 [mem 0x405b71e000-0x405b71efff 64bit]
[    0.666809] pci 0000:00:0d.2: supports D1 D2
[    0.666812] pci 0000:00:0d.2: PME# supported from D0 D1 D2 D3hot D3cold
[    0.667399] pci 0000:00:0d.3: [8086:7ec3] type 00 class 0x0c0340 conventional PCI endpoint
[    0.667399] pci 0000:00:0d.3: BAR 0 [mem 0x405b600000-0x405b63ffff 64bit]
[    0.667399] pci 0000:00:0d.3: BAR 2 [mem 0x405b71d000-0x405b71dfff 64bit]
[    0.667412] pci 0000:00:0d.3: supports D1 D2
[    0.667412] pci 0000:00:0d.3: PME# supported from D0 D1 D2 D3hot D3cold
[    0.667756] pci 0000:00:12.0: [8086:7e45] type 00 class 0x070000 conventional PCI endpoint
[    0.667778] pci 0000:00:12.0: BAR 0 [mem 0x405b6f0000-0x405b6fffff 64bit]
[    0.667856] pci 0000:00:12.0: PME# supported from D0 D3hot
[    0.668734] pci 0000:00:14.0: [8086:7e7d] type 00 class 0x0c0330 conventional PCI endpoint
[    0.668760] pci 0000:00:14.0: BAR 0 [mem 0x405b6e0000-0x405b6effff 64bit]
[    0.668864] pci 0000:00:14.0: PME# supported from D3hot D3cold
[    0.669734] pci 0000:00:14.2: [8086:7e7f] type 00 class 0x050000 conventional PCI endpoint
[    0.669759] pci 0000:00:14.2: BAR 0 [mem 0x405b714000-0x405b717fff 64bit]
[    0.669776] pci 0000:00:14.2: BAR 2 [mem 0x405b71c000-0x405b71cfff 64bit]
[    0.670002] pci 0000:00:15.0: [8086:7e78] type 00 class 0x0c8000 conventional PCI endpoint
[    0.670065] pci 0000:00:15.0: BAR 0 [mem 0x00000000-0x00000fff 64bit]
[    0.671115] pci 0000:00:15.1: [8086:7e79] type 00 class 0x0c8000 conventional PCI endpoint
[    0.671184] pci 0000:00:15.1: BAR 0 [mem 0x00000000-0x00000fff 64bit]
[    0.672204] pci 0000:00:16.0: [8086:7e70] type 00 class 0x078000 conventional PCI endpoint
[    0.672235] pci 0000:00:16.0: BAR 0 [mem 0x405b719000-0x405b719fff 64bit]
[    0.672352] pci 0000:00:16.0: PME# supported from D3hot
[    0.673362] pci 0000:00:1c.0: [8086:7e38] type 01 class 0x060400 PCIe Root Port
[    0.673459] pci 0000:00:1c.0: PCI bridge to [bus 1d]
[    0.673477] pci 0000:00:1c.0:   bridge window [mem 0xba300000-0xbacfffff]
[    0.673507] pci 0000:00:1c.0:   bridge window [mem 0x405ac00000-0x405b5fffff 64bit pref]
[    0.673787] pci 0000:00:1c.0: PME# supported from D0 D3hot D3cold
[    0.673908] pci 0000:00:1c.0: PTM enabled (root), 4ns granularity
[    0.675830] pci 0000:00:1c.7: [8086:7e3f] type 01 class 0x060400 PCIe Root Port
[    0.675931] pci 0000:00:1c.7: PCI bridge to [bus 09]
[    0.675949] pci 0000:00:1c.7:   bridge window [mem 0xba200000-0xba2fffff]
[    0.676231] pci 0000:00:1c.7: PME# supported from D0 D3hot D3cold
[    0.676315] pci 0000:00:1c.7: PTM enabled (root), 4ns granularity
[    0.678131] pci 0000:00:1f.0: [8086:7e02] type 00 class 0x060100 conventional PCI endpoint
[    0.679232] pci 0000:00:1f.3: [8086:7e28] type 00 class 0x040380 conventional PCI endpoint
[    0.679266] pci 0000:00:1f.3: BAR 0 [mem 0x405b710000-0x405b713fff 64bit]
[    0.679313] pci 0000:00:1f.3: BAR 4 [mem 0x405a000000-0x405a1fffff 64bit]
[    0.679394] pci 0000:00:1f.3: PME# supported from D3hot D3cold
[    0.679541] pci 0000:00:1f.4: [8086:7e22] type 00 class 0x0c0500 conventional PCI endpoint
[    0.679571] pci 0000:00:1f.4: BAR 0 [mem 0x405b718000-0x405b7180ff 64bit]
[    0.679606] pci 0000:00:1f.4: BAR 4 [io  0xefa0-0xefbf]
[    0.680444] pci 0000:00:1f.5: [8086:7e23] type 00 class 0x0c8000 conventional PCI endpoint
[    0.680492] pci 0000:00:1f.5: BAR 0 [mem 0xfe010000-0xfe010fff]
[    0.680919] pci 0000:00:06.0: PCI bridge to [bus 1c]
[    0.681866] pci 0000:04:00.0: [1e0f:0010] type 00 class 0x010802 PCIe Endpoint
[    0.681895] pci 0000:04:00.0: BAR 0 [mem 0xbad00000-0xbad03fff 64bit]
[    0.682357] pci 0000:00:06.1: PCI bridge to [bus 04]
[    0.682454] pci 0000:00:07.0: PCI bridge to [bus 20-49]
[    0.682541] pci 0000:00:07.2: PCI bridge to [bus 50-79]
[    0.682784] pci 0000:00:1c.0: PCI bridge to [bus 1d]
[    0.684291] pci 0000:09:00.0: [8086:272b] type 00 class 0x028000 PCIe Endpoint
[    0.684795] pci 0000:09:00.0: BAR 0 [mem 0xba200000-0xba203fff 64bit]
[    0.688612] pci 0000:09:00.0: PME# supported from D0 D3hot D3cold
[    0.695586] pci 0000:00:1c.7: PCI bridge to [bus 09]
[    0.707321] ACPI: \_SB_.PEPD: Duplicate LPS0 _DSM functions (mask: 0x1)
[    0.944214] Low-power S0 idle used by default for system suspend
[    0.967202] ACPI: EC: interrupt unblocked
[    0.967207] ACPI: EC: event unblocked
[    0.967228] ACPI: EC: EC_CMD/EC_SC=0x66, EC_DATA=0x62
[    0.967232] ACPI: EC: GPE=0x6e
[    0.967235] ACPI: \_SB_.PC00.LPCB.EC__: Boot ECDT EC initialization complete
[    0.967240] ACPI: \_SB_.PC00.LPCB.EC__: EC: Used to handle transactions and events
[    0.967456] iommu: Default domain type: Translated
[    0.967456] iommu: DMA domain TLB invalidation policy: lazy mode
[    0.967743] SCSI subsystem initialized
[    0.967765] libata version 3.00 loaded.
[    0.967765] ACPI: bus type USB registered
[    0.967765] usbcore: registered new interface driver usbfs
[    0.967765] usbcore: registered new interface driver hub
[    0.967765] usbcore: registered new device driver usb
[    0.967765] EDAC MC: Ver: 3.0.0
[    0.968306] efivars: Registered efivars operations
[    0.968306] NetLabel: Initializing
[    0.968306] NetLabel:  domain hash size = 128
[    0.968306] NetLabel:  protocols = UNLABELED CIPSOv4 CALIPSO
[    0.968306] NetLabel:  unlabeled traffic allowed by default
[    0.968306] mctp: management component transport protocol core
[    0.968306] NET: Registered PF_MCTP protocol family
[    0.968306] PCI: Using ACPI for IRQ routing
[    0.988902] PCI: pci_cache_line_size set to 64 bytes
[    0.989372] pci 0000:00:1f.5: BAR 0 [mem 0xfe010000-0xfe010fff]: can't claim; no compatible bridge window
[    0.989831] e820: reserve RAM buffer [mem 0x0009f000-0x0009ffff]
[    0.989836] e820: reserve RAM buffer [mem 0x4ae2f000-0x4bffffff]
[    0.989839] e820: reserve RAM buffer [mem 0x788dc000-0x7bffffff]
[    0.989842] e820: reserve RAM buffer [mem 0x78bd3000-0x7bffffff]
[    0.989844] e820: reserve RAM buffer [mem 0x804ff000-0x83ffffff]
[    0.989900] pci 0000:00:02.0: vgaarb: setting as boot VGA device
[    0.989900] pci 0000:00:02.0: vgaarb: bridge control possible
[    0.989900] pci 0000:00:02.0: vgaarb: VGA device added: decodes=io+mem,owns=io+mem,locks=none
[    0.989900] vgaarb: loaded
[    0.989900] clocksource: Switched to clocksource tsc-early
[    0.989900] VFS: Disk quotas dquot_6.6.0
[    0.989900] VFS: Dquot-cache hash table entries: 512 (order 0, 4096 bytes)
[    0.989900] pnp: PnP ACPI init
[    0.990299] system 00:00: [io  0x0680-0x069f] has been reserved
[    0.990307] system 00:00: [io  0x164e-0x164f] has been reserved
[    0.990664] system 00:01: [io  0x1854-0x1857] has been reserved
[    0.990970] system 00:04: [io  0x1800-0x189f] could not be reserved
[    0.990975] system 00:04: [io  0x0800-0x087f] has been reserved
[    0.990979] system 00:04: [io  0x0880-0x08ff] has been reserved
[    0.990982] system 00:04: [io  0x0900-0x097f] has been reserved
[    0.990985] system 00:04: [io  0x0980-0x09ff] has been reserved
[    0.990988] system 00:04: [io  0x0a00-0x0a7f] has been reserved
[    0.990991] system 00:04: [io  0x0a80-0x0aff] has been reserved
[    0.990994] system 00:04: [io  0x0b00-0x0b7f] has been reserved
[    0.990997] system 00:04: [io  0x0b80-0x0bff] has been reserved
[    0.991000] system 00:04: [io  0x15e0-0x15ef] has been reserved
[    0.991004] system 00:04: [io  0x1600-0x167f] could not be reserved
[    0.991007] system 00:04: [io  0x1640-0x165f] could not be reserved
[    0.991013] system 00:04: [mem 0xc0000000-0xcfffffff] has been reserved
[    0.991017] system 00:04: [mem 0xfed10000-0xfed13fff] has been reserved
[    0.991021] system 00:04: [mem 0xfed18000-0xfed18fff] has been reserved
[    0.991025] system 00:04: [mem 0xfed19000-0xfed19fff] has been reserved
[    0.991029] system 00:04: [mem 0xfeb00000-0xfebfffff] has been reserved
[    0.991033] system 00:04: [mem 0xfed20000-0xfed3ffff] has been reserved
[    0.991037] system 00:04: [mem 0xfed90000-0xfed93fff] has been reserved
[    0.993453] pnp 00:05: disabling [mem 0x00000000-0x00000fff] because it overlaps 0000:00:02.0 BAR 7 [mem 0x00000000-0x06ffffff 64bit pref]
[    0.993462] pnp 00:05: disabling [mem 0x00000000-0x00000fff] because it overlaps 0000:00:02.0 BAR 7 [mem 0x00000000-0x06ffffff 64bit pref]
[    0.993526] system 00:05: [mem 0xfedc0000-0xfedc7fff] has been reserved
[    0.993531] system 00:05: [mem 0xc0000000-0xcfffffff] has been reserved
[    0.993535] system 00:05: [mem 0xfed20000-0xfed7ffff] could not be reserved
[    0.993538] system 00:05: [mem 0xfc800000-0xfc81ffff] could not be reserved
[    0.993542] system 00:05: [mem 0xfed45000-0xfed8ffff] could not be reserved
[    0.993545] system 00:05: [mem 0xfee00000-0xfeefffff] has been reserved
[    0.996044] system 00:06: [io  0xff00-0xfffe] has been reserved
[    0.997522] pnp 00:08: disabling [mem 0x000c0000-0x000c3fff] because it overlaps 0000:00:02.0 BAR 6 [mem 0x000c0000-0x000dffff]
[    0.997528] pnp 00:08: disabling [mem 0x000c8000-0x000cbfff] because it overlaps 0000:00:02.0 BAR 6 [mem 0x000c0000-0x000dffff]
[    0.997532] pnp 00:08: disabling [mem 0x000d0000-0x000d3fff] because it overlaps 0000:00:02.0 BAR 6 [mem 0x000c0000-0x000dffff]
[    0.997536] pnp 00:08: disabling [mem 0x000d8000-0x000dbfff] because it overlaps 0000:00:02.0 BAR 6 [mem 0x000c0000-0x000dffff]
[    0.997541] pnp 00:08: disabling [mem 0x00000000-0x0009ffff] because it overlaps 0000:00:02.0 BAR 7 [mem 0x00000000-0x06ffffff 64bit pref]
[    0.997545] pnp 00:08: disabling [mem 0x000c0000-0x000c3fff disabled] because it overlaps 0000:00:02.0 BAR 7 [mem 0x00000000-0x06ffffff 64bit pref]
[    0.997550] pnp 00:08: disabling [mem 0x000c8000-0x000cbfff disabled] because it overlaps 0000:00:02.0 BAR 7 [mem 0x00000000-0x06ffffff 64bit pref]
[    0.997554] pnp 00:08: disabling [mem 0x000d0000-0x000d3fff disabled] because it overlaps 0000:00:02.0 BAR 7 [mem 0x00000000-0x06ffffff 64bit pref]
[    0.997558] pnp 00:08: disabling [mem 0x000d8000-0x000dbfff disabled] because it overlaps 0000:00:02.0 BAR 7 [mem 0x00000000-0x06ffffff 64bit pref]
[    0.997562] pnp 00:08: disabling [mem 0x000e0000-0x000e3fff] because it overlaps 0000:00:02.0 BAR 7 [mem 0x00000000-0x06ffffff 64bit pref]
[    0.997566] pnp 00:08: disabling [mem 0x000e8000-0x000ebfff] because it overlaps 0000:00:02.0 BAR 7 [mem 0x00000000-0x06ffffff 64bit pref]
[    0.997570] pnp 00:08: disabling [mem 0x000f0000-0x000fffff] because it overlaps 0000:00:02.0 BAR 7 [mem 0x00000000-0x06ffffff 64bit pref]
[    0.997574] pnp 00:08: disabling [mem 0x00100000-0x9fffffff] because it overlaps 0000:00:02.0 BAR 7 [mem 0x00000000-0x06ffffff 64bit pref]
[    0.997623] system 00:08: [mem 0xfec00000-0xfed3ffff] could not be reserved
[    0.997627] system 00:08: [mem 0xfed4c000-0xffffffff] could not be reserved
[    0.998980] pnp: PnP ACPI: found 9 devices
[    1.005831] clocksource: acpi_pm: mask: 0xffffff max_cycles: 0xffffff, max_idle_ns: 2085701024 ns
[    1.005989] NET: Registered PF_INET protocol family
[    1.006414] IP idents hash table entries: 262144 (order: 9, 2097152 bytes, linear)
[    1.045380] tcp_listen_portaddr_hash hash table entries: 16384 (order: 6, 262144 bytes, linear)
[    1.045467] Table-perturb hash table entries: 65536 (order: 6, 262144 bytes, linear)
[    1.045795] TCP established hash table entries: 262144 (order: 9, 2097152 bytes, linear)
[    1.046580] TCP bind hash table entries: 65536 (order: 9, 2097152 bytes, linear)
[    1.046851] TCP: Hash tables configured (established 262144 bind 65536)
[    1.047168] MPTCP token hash table entries: 32768 (order: 7, 786432 bytes, linear)
[    1.047359] UDP hash table entries: 16384 (order: 7, 524288 bytes, linear)
[    1.047528] UDP-Lite hash table entries: 16384 (order: 7, 524288 bytes, linear)
[    1.047758] NET: Registered PF_UNIX/PF_LOCAL protocol family
[    1.047773] NET: Registered PF_XDP protocol family
[    1.047785] pci 0000:00:06.0: bridge window [io  0x1000-0x0fff] to [bus 1c] add_size 1000
[    1.047794] pci 0000:00:06.0: bridge window [mem 0x00100000-0x000fffff] to [bus 1c] add_size 200000 add_align 100000
[    1.047803] pci 0000:00:07.0: bridge window [io  0x1000-0x0fff] to [bus 20-49] add_size 1000
[    1.047808] pci 0000:00:07.2: bridge window [io  0x1000-0x0fff] to [bus 50-79] add_size 1000
[    1.047812] pci 0000:00:1c.0: bridge window [io  0x1000-0x0fff] to [bus 1d] add_size 1000
[    1.047836] pci 0000:00:02.0: VF BAR 0 [mem 0x405c000000-0x4062ffffff 64bit pref]: assigned
[    1.047845] pci 0000:00:06.0: bridge window [mem 0xac200000-0xac3fffff]: assigned
[    1.047852] pci 0000:00:06.0: bridge window [io  0x2000-0x2fff]: assigned
[    1.047856] pci 0000:00:07.0: bridge window [io  0x3000-0x3fff]: assigned
[    1.047860] pci 0000:00:07.2: bridge window [io  0x4000-0x4fff]: assigned
[    1.047865] pci 0000:00:15.0: BAR 0 [mem 0x402c000000-0x402c000fff 64bit]: assigned
[    1.047910] pci 0000:00:15.1: BAR 0 [mem 0x402c001000-0x402c001fff 64bit]: assigned
[    1.047959] pci 0000:00:1c.0: bridge window [io  0x5000-0x5fff]: assigned
[    1.047963] pci 0000:00:1f.5: BAR 0 [mem 0xac400000-0xac400fff]: assigned
[    1.047981] pci 0000:00:06.0: PCI bridge to [bus 1c]
[    1.048053] pci 0000:00:06.0:   bridge window [io  0x2000-0x2fff]
[    1.048065] pci 0000:00:06.0:   bridge window [mem 0xac200000-0xac3fffff]
[    1.048073] pci 0000:00:06.0:   bridge window [mem 0x405a200000-0x405abfffff 64bit pref]
[    1.048087] pci 0000:00:06.1: PCI bridge to [bus 04]
[    1.048096] pci 0000:00:06.1:   bridge window [mem 0xbad00000-0xbadfffff]
[    1.048107] pci 0000:00:07.0: PCI bridge to [bus 20-49]
[    1.048115] pci 0000:00:07.0:   bridge window [io  0x3000-0x3fff]
[    1.048122] pci 0000:00:07.0:   bridge window [mem 0xae000000-0xba1fffff]
[    1.048127] pci 0000:00:07.0:   bridge window [mem 0x4010000000-0x402bffffff 64bit pref]
[    1.048136] pci 0000:00:07.2: PCI bridge to [bus 50-79]
[    1.048140] pci 0000:00:07.2:   bridge window [io  0x4000-0x4fff]
[    1.048146] pci 0000:00:07.2:   bridge window [mem 0xa0000000-0xac1fffff]
[    1.048152] pci 0000:00:07.2:   bridge window [mem 0x4030000000-0x404bffffff 64bit pref]
[    1.048167] pci 0000:00:1c.0: PCI bridge to [bus 1d]
[    1.048232] pci 0000:00:1c.0:   bridge window [io  0x5000-0x5fff]
[    1.048244] pci 0000:00:1c.0:   bridge window [mem 0xba300000-0xbacfffff]
[    1.048251] pci 0000:00:1c.0:   bridge window [mem 0x405ac00000-0x405b5fffff 64bit pref]
[    1.048266] pci 0000:00:1c.7: PCI bridge to [bus 09]
[    1.048313] pci 0000:00:1c.7:   bridge window [mem 0xba200000-0xba2fffff]
[    1.048334] pci_bus 0000:00: resource 4 [io  0x0000-0x0cf7 window]
[    1.048338] pci_bus 0000:00: resource 5 [io  0x0d00-0xffff window]
[    1.048342] pci_bus 0000:00: resource 6 [mem 0x000a0000-0x000bffff window]
[    1.048345] pci_bus 0000:00: resource 7 [mem 0xa0000000-0xbfffffff window]
[    1.048348] pci_bus 0000:00: resource 8 [mem 0x4000000000-0x3ffbfffffff window]
[    1.048352] pci_bus 0000:1c: resource 0 [io  0x2000-0x2fff]
[    1.048355] pci_bus 0000:1c: resource 1 [mem 0xac200000-0xac3fffff]
[    1.048358] pci_bus 0000:1c: resource 2 [mem 0x405a200000-0x405abfffff 64bit pref]
[    1.048362] pci_bus 0000:04: resource 1 [mem 0xbad00000-0xbadfffff]
[    1.048365] pci_bus 0000:20: resource 0 [io  0x3000-0x3fff]
[    1.048368] pci_bus 0000:20: resource 1 [mem 0xae000000-0xba1fffff]
[    1.048371] pci_bus 0000:20: resource 2 [mem 0x4010000000-0x402bffffff 64bit pref]
[    1.048374] pci_bus 0000:50: resource 0 [io  0x4000-0x4fff]
[    1.048377] pci_bus 0000:50: resource 1 [mem 0xa0000000-0xac1fffff]
[    1.048380] pci_bus 0000:50: resource 2 [mem 0x4030000000-0x404bffffff 64bit pref]
[    1.048384] pci_bus 0000:1d: resource 0 [io  0x5000-0x5fff]
[    1.048387] pci_bus 0000:1d: resource 1 [mem 0xba300000-0xbacfffff]
[    1.048389] pci_bus 0000:1d: resource 2 [mem 0x405ac00000-0x405b5fffff 64bit pref]
[    1.048393] pci_bus 0000:09: resource 1 [mem 0xba200000-0xba2fffff]
[    1.048851] pci 0000:00:0d.0: enabling device (0000 -> 0002)
[    1.050003] PCI: CLS 0 bytes, default 64
[    1.050052] DMAR: Intel-IOMMU force enabled due to platform opt in
[    1.050074] DMAR: No RMRR found
[    1.050076] DMAR: No ATSR found
[    1.050079] DMAR: IOMMU feature sc_support inconsistent
[    1.050082] DMAR: dmar0: Using Queued invalidation
[    1.050090] DMAR: dmar1: Using Queued invalidation
[    1.050130] Trying to unpack rootfs image as initramfs...
[    1.050523] pci 0000:00:02.0: Adding to iommu group 0
[    1.050611] pci 0000:00:00.0: Adding to iommu group 1
[    1.050635] pci 0000:00:04.0: Adding to iommu group 2
[    1.050663] pci 0000:00:05.0: Adding to iommu group 3
[    1.050758] pci 0000:00:06.0: Adding to iommu group 4
[    1.050806] pci 0000:00:06.1: Adding to iommu group 5
[    1.050837] pci 0000:00:07.0: Adding to iommu group 6
[    1.050862] pci 0000:00:07.2: Adding to iommu group 7
[    1.050886] pci 0000:00:08.0: Adding to iommu group 8
[    1.050910] pci 0000:00:0a.0: Adding to iommu group 9
[    1.050934] pci 0000:00:0b.0: Adding to iommu group 10
[    1.050988] pci 0000:00:0d.0: Adding to iommu group 11
[    1.051014] pci 0000:00:0d.2: Adding to iommu group 11
[    1.051041] pci 0000:00:0d.3: Adding to iommu group 11
[    1.051078] pci 0000:00:12.0: Adding to iommu group 12
[    1.051122] pci 0000:00:14.0: Adding to iommu group 13
[    1.051148] pci 0000:00:14.2: Adding to iommu group 13
[    1.051199] pci 0000:00:15.0: Adding to iommu group 14
[    1.051228] pci 0000:00:15.1: Adding to iommu group 14
[    1.051261] pci 0000:00:16.0: Adding to iommu group 15
[    1.051349] pci 0000:00:1c.0: Adding to iommu group 16
[    1.051447] pci 0000:00:1c.7: Adding to iommu group 17
[    1.051509] pci 0000:00:1f.0: Adding to iommu group 18
[    1.051538] pci 0000:00:1f.3: Adding to iommu group 18
[    1.051571] pci 0000:00:1f.4: Adding to iommu group 18
[    1.051598] pci 0000:00:1f.5: Adding to iommu group 18
[    1.051647] pci 0000:04:00.0: Adding to iommu group 19
[    1.051760] pci 0000:09:00.0: Adding to iommu group 20
[    1.052099] DMAR: Intel(R) Virtualization Technology for Directed I/O
[    1.052102] PCI-DMA: Using software bounce buffering for IO (SWIOTLB)
[    1.052104] software IO TLB: mapped [mem 0x00000000748dc000-0x00000000788dc000] (64MB)
[    1.052505] clocksource: tsc: mask: 0xffffffffffffffff max_cycles: 0x2b2c8ec87c7, max_idle_ns: 440795278598 ns
[    1.052577] clocksource: Switched to clocksource tsc
[    1.052619] platform rtc_cmos: registered platform RTC device (no PNP device found)
[    1.059238] Initialise system trusted keyrings
[    1.059262] Key type blacklist registered
[    1.059312] workingset: timestamp_bits=41 max_order=23 bucket_order=0
[    1.059328] zbud: loaded
[    1.059562] fuse: init (API version 7.40)
[    1.059741] integrity: Platform Keyring initialized
[    1.059750] integrity: Machine keyring initialized
[    1.084920] Key type asymmetric registered
[    1.084924] Asymmetric key parser 'x509' registered
[    1.084966] Block layer SCSI generic (bsg) driver version 0.4 loaded (major 246)
[    1.085041] io scheduler mq-deadline registered
[    1.085045] io scheduler kyber registered
[    1.085069] io scheduler bfq registered
[    1.086378] pcieport 0000:00:06.0: PME: Signaling with IRQ 122
[    1.086571] pcieport 0000:00:06.0: pciehp: Slot #8 AttnBtn- PwrCtrl- MRL- AttnInd- PwrInd- HotPlug+ Surprise+ Interlock- NoCompl+ IbPresDis- LLActRep+
[    1.087390] pcieport 0000:00:06.1: PME: Signaling with IRQ 123
[    1.087855] pcieport 0000:00:07.0: PME: Signaling with IRQ 124
[    1.087890] pcieport 0000:00:07.0: pciehp: Slot #12 AttnBtn- PwrCtrl- MRL- AttnInd- PwrInd- HotPlug+ Surprise+ Interlock- NoCompl+ IbPresDis- LLActRep+
[    1.088639] pcieport 0000:00:07.2: PME: Signaling with IRQ 125
[    1.088678] pcieport 0000:00:07.2: pciehp: Slot #14 AttnBtn- PwrCtrl- MRL- AttnInd- PwrInd- HotPlug+ Surprise+ Interlock- NoCompl+ IbPresDis- LLActRep+
[    1.089716] pcieport 0000:00:1c.0: PME: Signaling with IRQ 126
[    1.089879] pcieport 0000:00:1c.0: pciehp: Slot #0 AttnBtn- PwrCtrl- MRL- AttnInd- PwrInd- HotPlug+ Surprise+ Interlock- NoCompl+ IbPresDis- LLActRep+
[    1.090982] pcieport 0000:00:1c.7: PME: Signaling with IRQ 127
[    1.091344] shpchp: Standard Hot Plug PCI Controller Driver version: 0.4
[    1.093183] ACPI: AC: AC Adapter [AC] (off-line)
[    1.093315] input: Sleep Button as /devices/LNXSYSTM:00/LNXSYBUS:00/PNP0C0E:00/input/input0
[    1.096192] ACPI: button: Sleep Button [SLPB]
[    1.096238] input: Lid Switch as /devices/LNXSYSTM:00/LNXSYBUS:00/PNP0C0D:00/input/input1
[    1.096254] ACPI: button: Lid Switch [LID]
[    1.096267] input: Power Button as /devices/LNXSYSTM:00/LNXSYBUS:00/PNP0C0C:00/input/input2
[    1.096274] ACPI: button: Power Button [PWRB]
[    1.103235] thermal LNXTHERM:00: registered as thermal_zone0
[    1.103237] ACPI: thermal: Thermal Zone [THM0] (40 C)
[    1.103327] Serial: 8250/16550 driver, 32 ports, IRQ sharing enabled
[    1.104686] serial 0000:00:12.0: enabling device (0000 -> 0002)
[    1.104966] hpet_acpi_add: no address or irqs in _CRS
[    1.104991] Non-volatile memory driver v1.3
[    1.104991] Linux agpgart interface v0.103
[    1.112406] tpm_tis STM0925:00: 2.0 TPM (device-id 0x3, rev-id 0)
[    1.139073] ACPI: battery: Slot [BAT0] (battery present)
[    1.153237] Freeing initrd memory: 16128K
[    1.223385] ACPI: bus type drm_connector registered
[    1.230182] usbcore: registered new interface driver usbserial_generic
[    1.230184] usbserial: USB Serial support registered for generic
[    1.230327] rtc_cmos rtc_cmos: RTC can wake from S4
[    1.233576] rtc_cmos rtc_cmos: registered as rtc0
[    1.234257] rtc_cmos rtc_cmos: setting system clock to 2024-09-26T15:11:47 UTC (1727363507)
[    1.234457] rtc_cmos rtc_cmos: alarms up to one month, y3k, 114 bytes nvram
[    1.236338] intel_pstate: Intel P-state driver initializing
[    1.239962] intel_pstate: HWP enabled
[    1.240243] ledtrig-cpu: registered to indicate activity on CPUs
[    1.240465] [drm] Initialized simpledrm 1.0.0 20200625 for simple-framebuffer.0 on minor 0
[    1.242582] fbcon: Deferring console take-over
[    1.242583] simple-framebuffer simple-framebuffer.0: [drm] fb0: simpledrmdrmfb frame buffer device
[    1.242648] hid: raw HID events driver (C) Jiri Kosina
[    1.242691] drop_monitor: Initializing network drop monitor service
[    1.242761] NET: Registered PF_INET6 protocol family
[    1.248899] Segment Routing with IPv6
[    1.248901] RPL Segment Routing with IPv6
[    1.248908] In-situ OAM (IOAM) with IPv6
[    1.248935] NET: Registered PF_PACKET protocol family
[    1.251097] ENERGY_PERF_BIAS: Set to 'normal', was 'performance'
[    1.251685] microcode: Current revision: 0x0000001c
[    1.252391] IPI shorthand broadcast: enabled
[    1.254244] sched_clock: Marking stable (1246670611, 6122093)->(1297531751, -44739047)
[    1.254756] Timer migration: 2 hierarchy levels; 8 children per group; 2 crossnode level
[    1.255299] registered taskstats version 1
[    1.256288] Loading compiled-in X.509 certificates
[    1.258209] Loaded X.509 cert 'Build time autogenerated kernel key: 0053407a583e4abf791c272ae6ca151222bca233'
[    1.265352] zswap: loaded using pool zstd/zsmalloc
[    1.265403] Demotion targets for Node 0: null
[    1.265640] Key type .fscrypt registered
[    1.265641] Key type fscrypt-provisioning registered
[    1.266543] integrity: Loading X.509 certificate: UEFI:db
[    1.266564] integrity: Loaded X.509 cert 'Lenovo Ltd.: ThinkPad Product CA 2012: 838b1f54c1550463f45f98700640f11069265949'
[    1.266565] integrity: Loading X.509 certificate: UEFI:db
[    1.266576] integrity: Loaded X.509 cert 'Lenovo UEFI CA 2014: 4b91a68732eaefdd2c8ffffc6b027ec3449e9c8f'
[    1.266577] integrity: Loading X.509 certificate: UEFI:db
[    1.266592] integrity: Loaded X.509 cert 'Microsoft Windows Production PCA 2011: a92902398e16c49778cd90f99e4f9ae17c55af53'
[    1.266593] integrity: Loading X.509 certificate: UEFI:db
[    1.266608] integrity: Loaded X.509 cert 'Microsoft Corporation: Windows UEFI CA 2023: aefc5fbbbe055d8f8daa585473499417ab5a5272'
[    1.268402] PM:   Magic number: 8:181:185
[    1.268461] platform INT3472:0c: hash matches
[    1.268463] acpi INT3472:0c: hash matches
[    1.268493] acpi device:44: hash matches
[    1.270978] RAS: Correctable Errors collector initialized.
[    1.278390] clk: Disabling unused clocks
[    1.278392] PM: genpd: Disabling unused power domains
[    1.282927] Freeing unused decrypted memory: 2028K
[    1.283555] Freeing unused kernel image (initmem) memory: 3436K
[    1.283567] Write protecting the kernel read-only data: 32768k
[    1.284158] Freeing unused kernel image (rodata/data gap) memory: 896K
[    1.289406] x86/mm: Checked W+X mappings: passed, no W+X pages found.
[    1.289409] rodata_test: all tests were successful
[    1.289412] Run /init as init process
[    1.289413]   with arguments:
[    1.289413]     /init
[    1.289414]   with environment:
[    1.289414]     HOME=/
[    1.289414]     TERM=linux
[    1.289415]     BOOT_IMAGE=/boot/vmlinuz-linux
[    1.364880] fbcon: Taking over console
[    1.370072] Console: switching to colour frame buffer device 180x56
[    1.442092] i8042: PNP: PS/2 Controller [PNP0303:KBD,PNP0f13:MOU] at 0x60,0x64 irq 1,12
[    1.443922] serio: i8042 KBD port at 0x60,0x64 irq 1
[    1.443989] serio: i8042 AUX port at 0x60,0x64 irq 12
[    1.444671] xhci_hcd 0000:00:0d.0: xHCI Host Controller
[    1.444679] xhci_hcd 0000:00:0d.0: new USB bus registered, assigned bus number 1
[    1.445785] xhci_hcd 0000:00:0d.0: hcc params 0x20007fc1 hci version 0x120 quirks 0x0000000200009810
[    1.446221] xhci_hcd 0000:00:0d.0: xHCI Host Controller
[    1.446225] xhci_hcd 0000:00:0d.0: new USB bus registered, assigned bus number 2
[    1.446228] xhci_hcd 0000:00:0d.0: Host supports USB 3.2 Enhanced SuperSpeed
[    1.446323] usb usb1: New USB device found, idVendor=1d6b, idProduct=0002, bcdDevice= 6.10
[    1.446327] usb usb1: New USB device strings: Mfr=3, Product=2, SerialNumber=1
[    1.446329] usb usb1: Product: xHCI Host Controller
[    1.446330] usb usb1: Manufacturer: Linux 6.10.10-arch1-1 xhci-hcd
[    1.446332] usb usb1: SerialNumber: 0000:00:0d.0
[    1.446441] hub 1-0:1.0: USB hub found
[    1.446468] hub 1-0:1.0: 1 port detected
[    1.447081] usb usb2: New USB device found, idVendor=1d6b, idProduct=0003, bcdDevice= 6.10
[    1.447085] usb usb2: New USB device strings: Mfr=3, Product=2, SerialNumber=1
[    1.447086] usb usb2: Product: xHCI Host Controller
[    1.447087] usb usb2: Manufacturer: Linux 6.10.10-arch1-1 xhci-hcd
[    1.447089] usb usb2: SerialNumber: 0000:00:0d.0
[    1.447169] hub 2-0:1.0: USB hub found
[    1.447198] hub 2-0:1.0: 4 ports detected
[    1.448758] xhci_hcd 0000:00:14.0: xHCI Host Controller
[    1.448764] xhci_hcd 0000:00:14.0: new USB bus registered, assigned bus number 3
[    1.449849] xhci_hcd 0000:00:14.0: hcc params 0x20007fc1 hci version 0x120 quirks 0x0000000200009810
[    1.450133] xhci_hcd 0000:00:14.0: xHCI Host Controller
[    1.450136] xhci_hcd 0000:00:14.0: new USB bus registered, assigned bus number 4
[    1.450138] xhci_hcd 0000:00:14.0: Host supports USB 3.2 Enhanced SuperSpeed
[    1.450169] usb usb3: New USB device found, idVendor=1d6b, idProduct=0002, bcdDevice= 6.10
[    1.450171] usb usb3: New USB device strings: Mfr=3, Product=2, SerialNumber=1
[    1.450172] usb usb3: Product: xHCI Host Controller
[    1.450173] usb usb3: Manufacturer: Linux 6.10.10-arch1-1 xhci-hcd
[    1.450174] usb usb3: SerialNumber: 0000:00:14.0
[    1.450266] hub 3-0:1.0: USB hub found
[    1.450280] hub 3-0:1.0: 12 ports detected
[    1.451580] nvme 0000:04:00.0: platform quirk: setting simple suspend
[    1.451665] nvme nvme0: pci function 0000:04:00.0
[    1.451776] usb usb4: New USB device found, idVendor=1d6b, idProduct=0003, bcdDevice= 6.10
[    1.451779] usb usb4: New USB device strings: Mfr=3, Product=2, SerialNumber=1
[    1.451780] usb usb4: Product: xHCI Host Controller
[    1.451781] usb usb4: Manufacturer: Linux 6.10.10-arch1-1 xhci-hcd
[    1.451782] usb usb4: SerialNumber: 0000:00:14.0
[    1.451852] hub 4-0:1.0: USB hub found
[    1.451861] hub 4-0:1.0: 2 ports detected
[    1.465844] nvme nvme0: 22/0/0 default/read/poll queues
[    1.468547]  nvme0n1: p1 p2 p3 p4 p5 p6
[    1.475770] thinkpad_acpi: ThinkPad ACPI Extras v0.26
[    1.475772] thinkpad_acpi: http://ibm-acpi.sf.net/
[    1.475772] thinkpad_acpi: ThinkPad BIOS N3YET64W (1.29 ), EC N3YHT48W
[    1.475773] thinkpad_acpi: Lenovo ThinkPad X1 Carbon Gen 12, model 21KCCTO1WW
[    1.475940] thinkpad_acpi: radio switch found; radios are enabled
[    1.476260] thinkpad_acpi: This ThinkPad has standard ACPI backlight brightness control, supported by the ACPI video driver
[    1.476261] thinkpad_acpi: Disabling thinkpad-acpi brightness events by default...
[    1.477399] thinkpad_acpi: rfkill switch tpacpi_bluetooth_sw: radio is unblocked
[    1.480116] input: AT Translated Set 2 keyboard as /devices/platform/i8042/serio0/input/input4
[    1.496179] thinkpad_acpi: secondary fan control detected & enabled
[    1.500938] thinkpad_acpi: battery 1 registered (start 0, stop 100, behaviours: 0x7)
[    1.500948] ACPI: battery: new extension: ThinkPad Battery Extension
[    1.507893] input: ThinkPad Extra Buttons as /devices/platform/thinkpad_acpi/input/input3
[    1.672396] i915 0000:00:02.0: [drm] VT-d active for gfx access
[    1.672406] i915 0000:00:02.0: vgaarb: deactivate vga console
[    1.672426] i915 0000:00:02.0: [drm] Using Transparent Hugepages
[    1.672437] resource: resource sanity check: requesting [mem 0x0000000090800000-0x00000000983fffff], which spans more than BOOTFB [mem 0x90800000-0x91bc6fff]
[    1.672439] caller init_stolen_lmem+0x62/0xf0 [i915] mapping multiple BARs
[    1.686215] i915 0000:00:02.0: vgaarb: VGA decodes changed: olddecodes=io+mem,decodes=io+mem:owns=io+mem
[    1.694566] i915 0000:00:02.0: [drm] Finished loading DMC firmware i915/mtl_dmc.bin (v2.23)
[    1.702799] usb 3-7: new full-speed USB device number 2 using xhci_hcd
[    1.812811] i915 0000:00:02.0: [drm] GT0: GuC firmware i915/mtl_guc_70.bin version 70.29.2
[    1.821895] i915 0000:00:02.0: [drm] GT0: GUC: submission enabled
[    1.821897] i915 0000:00:02.0: [drm] GT0: GUC: SLPC enabled
[    1.822106] i915 0000:00:02.0: [drm] GT0: GUC: RC enabled
[    1.826894] i915 0000:00:02.0: [drm] GT1: GuC firmware i915/mtl_guc_70.bin version 70.29.2
[    1.826897] i915 0000:00:02.0: [drm] GT1: HuC firmware i915/mtl_huc_gsc.bin version 8.5.4
[    1.844117] usb 3-7: New USB device found, idVendor=06cb, idProduct=0123, bcdDevice= 0.00
[    1.844121] usb 3-7: New USB device strings: Mfr=0, Product=0, SerialNumber=1
[    1.844123] usb 3-7: SerialNumber: 6b56f07b4360
[    1.848693] i915 0000:00:02.0: [drm] GT1: HuC: authenticated for clear media
[    1.849052] i915 0000:00:02.0: [drm] GT1: GUC: submission enabled
[    1.849054] i915 0000:00:02.0: [drm] GT1: GUC: SLPC enabled
[    1.849127] i915 0000:00:02.0: [drm] GT1: GUC: RC enabled
[    1.851278] i915 0000:00:02.0: [drm] Protected Xe Path (PXP) protected content support initialized
[    1.856989] [drm] Initialized i915 1.6.0 20230929 for 0000:00:02.0 on minor 1
[    1.859179] ACPI: video: Video Device [GFX0] (multi-head: yes  rom: no  post: no)
[    1.859490] input: Video Bus as /devices/LNXSYSTM:00/LNXSYBUS:00/PNP0A08:00/LNXVIDEO:00/input/input6
[    1.869814] fbcon: i915drmfb (fb1) is primary device
[    1.869817] fbcon: Remapping primary device, fb1, to tty 1-63
[    1.966242] usb 3-9: new full-speed USB device number 3 using xhci_hcd
[    1.991315] i915 0000:00:02.0: [drm] GT1: Loaded GSC firmware i915/mtl_gsc_1.bin (cv1.0, r102.0.10.1878, svn 1)
[    2.011290] i915 0000:00:02.0: [drm] GT1: HuC: authenticated for all workloads
[    2.108008] usb 3-9: not running at top speed; connect to a high speed hub
[    2.109555] usb 3-9: New USB device found, idVendor=2ac1, idProduct=20c9, bcdDevice=42.21
[    2.109559] usb 3-9: New USB device strings: Mfr=1, Product=2, SerialNumber=3
[    2.109561] usb 3-9: Product: Lattice AI USB 2.0
[    2.109562] usb 3-9: Manufacturer: SLS
[    2.109563] usb 3-9: SerialNumber: 000000000001
[    2.232906] usb 3-10: new full-speed USB device number 4 using xhci_hcd
[    2.376877] usb 3-10: New USB device found, idVendor=8087, idProduct=0036, bcdDevice= 0.00
[    2.376885] usb 3-10: New USB device strings: Mfr=0, Product=0, SerialNumber=0
[    3.624040] i915 0000:00:02.0: [drm] fb1: i915drmfb frame buffer device
[    3.824540] EXT4-fs (nvme0n1p6): mounted filesystem 17dd9a50-b939-42c0-ac3b-9c47104eb457 ro with ordered data mode. Quota mode: none.
[    3.881647] systemd[1]: systemd 256.6-1-arch running in system mode (+PAM +AUDIT -SELINUX -APPARMOR -IMA +SMACK +SECCOMP +GCRYPT +GNUTLS +OPENSSL +ACL +BLKID +CURL +ELFUTILS +FIDO2 +IDN2 -IDN +IPTC +KMOD +LIBCRYPTSETUP +LIBCRYPTSETUP_PLUGINS +LIBFDISK +PCRE2 +PWQUALITY +P11KIT +QRENCODE +TPM2 +BZIP2 +LZ4 +XZ +ZLIB +ZSTD +BPF_FRAMEWORK +XKBCOMMON +UTMP -SYSVINIT +LIBARCHIVE)
[    3.881654] systemd[1]: Detected architecture x86-64.
[    4.136069] systemd[1]: bpf-restrict-fs: LSM BPF program attached
[    4.213711] systemd[1]: display-manager.service: Failed to open /etc/systemd/system/display-manager.service: No such file or directory
[    4.216197] systemd[1]: Queued start job for default target Graphical Interface.
[    4.260793] systemd[1]: Created slice Slice /system/dirmngr.
[    4.261229] systemd[1]: Created slice Slice /system/getty.
[    4.261544] systemd[1]: Created slice Slice /system/gpg-agent.
[    4.261858] systemd[1]: Created slice Slice /system/gpg-agent-browser.
[    4.262171] systemd[1]: Created slice Slice /system/gpg-agent-extra.
[    4.262482] systemd[1]: Created slice Slice /system/gpg-agent-ssh.
[    4.262782] systemd[1]: Created slice Slice /system/keyboxd.
[    4.263110] systemd[1]: Created slice Slice /system/modprobe.
[    4.263320] systemd[1]: Created slice User and Session Slice.
[    4.263409] systemd[1]: Started Dispatch Password Requests to Console Directory Watch.
[    4.263490] systemd[1]: Started Forward Password Requests to Wall Directory Watch.
[    4.263678] systemd[1]: Set up automount Arbitrary Executable File Formats File System Automount Point.
[    4.263749] systemd[1]: Reached target Local Encrypted Volumes.
[    4.263800] systemd[1]: Reached target Local Integrity Protected Volumes.
[    4.263857] systemd[1]: Reached target Path Units.
[    4.263900] systemd[1]: Reached target Remote File Systems.
[    4.263943] systemd[1]: Reached target Slice Units.
[    4.263987] systemd[1]: Reached target Swaps.
[    4.264041] systemd[1]: Reached target Local Verity Protected Volumes.
[    4.264159] systemd[1]: Listening on Device-mapper event daemon FIFOs.
[    4.265428] systemd[1]: Listening on Process Core Dump Socket.
[    4.266143] systemd[1]: Listening on Credential Encryption/Decryption.
[    4.266272] systemd[1]: Listening on Journal Socket (/dev/log).
[    4.266382] systemd[1]: Listening on Journal Sockets.
[    4.266454] systemd[1]: TPM PCR Measurements was skipped because of an unmet condition check (ConditionSecurity=measured-uki).
[    4.266468] systemd[1]: Make TPM PCR Policy was skipped because of an unmet condition check (ConditionSecurity=measured-uki).
[    4.266533] systemd[1]: Listening on udev Control Socket.
[    4.266621] systemd[1]: Listening on udev Kernel Socket.
[    4.266707] systemd[1]: Listening on User Database Manager Socket.
[    4.267663] systemd[1]: Mounting Huge Pages File System...
[    4.268423] systemd[1]: Mounting POSIX Message Queue File System...
[    4.269211] systemd[1]: Mounting Kernel Debug File System...
[    4.270027] systemd[1]: Mounting Kernel Trace File System...
[    4.271224] systemd[1]: Mounting Temporary Directory /tmp...
[    4.272518] systemd[1]: Starting Create List of Static Device Nodes...
[    4.273413] systemd[1]: Starting Load Kernel Module configfs...
[    4.274283] systemd[1]: Starting Load Kernel Module dm_mod...
[    4.275219] systemd[1]: Starting Load Kernel Module drm...
[    4.276151] systemd[1]: Starting Load Kernel Module fuse...
[    4.277825] systemd[1]: Starting Load Kernel Module loop...
[    4.279279] systemd[1]: Starting File System Check on Root Device...
[    4.280063] systemd[1]: Clear Stale Hibernate Storage Info was skipped because of an unmet condition check (ConditionPathExists=/sys/firmware/efi/efivars/HibernateLocation-8cf2644b-4b0b-428f-9387-6d876050dc67).
[    4.282466] systemd[1]: Starting Journal Service...
[    4.284238] systemd[1]: Starting Load Kernel Modules...
[    4.285199] systemd[1]: TPM PCR Machine ID Measurement was skipped because of an unmet condition check (ConditionSecurity=measured-uki).
[    4.285263] systemd[1]: Early TPM SRK Setup was skipped because of an unmet condition check (ConditionSecurity=measured-uki).
[    4.285810] systemd[1]: Starting Load udev Rules from Credentials...
[    4.287251] systemd[1]: Starting Coldplug All udev Devices...
[    4.288466] loop: module loaded
[    4.289557] systemd[1]: Mounted Huge Pages File System.
[    4.290029] systemd[1]: Mounted POSIX Message Queue File System.
[    4.290828] device-mapper: uevent: version 1.0.3
[    4.290906] device-mapper: ioctl: 4.48.0-ioctl (2023-03-01) initialised: dm-devel@lists.linux.dev
[    4.291040] systemd[1]: Mounted Kernel Debug File System.
[    4.291530] systemd-journald[428]: Collecting audit messages is disabled.
[    4.291724] systemd[1]: Mounted Kernel Trace File System.
[    4.292376] systemd[1]: Mounted Temporary Directory /tmp.
[    4.293042] systemd[1]: Finished Create List of Static Device Nodes.
[    4.293747] systemd[1]: modprobe@configfs.service: Deactivated successfully.
[    4.293836] systemd[1]: Finished Load Kernel Module configfs.
[    4.294408] systemd[1]: modprobe@dm_mod.service: Deactivated successfully.
[    4.294494] systemd[1]: Finished Load Kernel Module dm_mod.
[    4.295022] systemd[1]: modprobe@drm.service: Deactivated successfully.
[    4.295104] systemd[1]: Finished Load Kernel Module drm.
[    4.295572] systemd[1]: modprobe@fuse.service: Deactivated successfully.
[    4.295646] systemd[1]: Finished Load Kernel Module fuse.
[    4.295772] i2c_dev: i2c /dev entries driver
[    4.296200] systemd[1]: modprobe@loop.service: Deactivated successfully.
[    4.296278] systemd[1]: Finished Load Kernel Module loop.
[    4.296770] systemd[1]: Finished File System Check on Root Device.
[    4.297156] systemd[1]: Finished Load udev Rules from Credentials.
[    4.297932] systemd[1]: Mounting FUSE Control File System...
[    4.298329] Asymmetric key parser 'pkcs8' registered
[    4.299107] systemd[1]: Mounting Kernel Configuration File System...
[    4.299882] systemd[1]: Starting Remount Root and Kernel File Systems...
[    4.300243] systemd[1]: Repartition Root Disk was skipped because no trigger condition checks were met.
[    4.300729] systemd[1]: Starting Create Static Device Nodes in /dev gracefully...
[    4.302030] systemd[1]: Finished Load Kernel Modules.
[    4.302452] systemd[1]: Mounted FUSE Control File System.
[    4.303028] systemd[1]: Mounted Kernel Configuration File System.
[    4.303792] systemd[1]: Starting Apply Kernel Variables...
[    4.309263] systemd[1]: Started Journal Service.
[    4.356946] EXT4-fs (nvme0n1p6): re-mounted 17dd9a50-b939-42c0-ac3b-9c47104eb457 r/w. Quota mode: none.
[    4.367999] systemd-journald[428]: Received client request to flush runtime journal.
[    4.469864] input: Intel HID events as /devices/platform/INTC1070:00/input/input7
[    4.471378] mc: Linux media interface: v0.10
[    4.471391] int3472-discrete INT3472:0b: GPIO type 0x12 unknown; the sensor may not work
[    4.471416] int3472-discrete INT3472:0b: cannot find GPIO chip INTC1007:00, deferring
[    4.474515] Consider using thermal netlink events interface
[    4.475518] int3472-discrete INT3472:0b: GPIO type 0x12 unknown; the sensor may not work
[    4.475559] int3472-discrete INT3472:0b: cannot find GPIO chip INTC1007:00, deferring
[    4.476332] int3472-discrete INT3472:0c: cannot find GPIO chip INTC1007:00, deferring
[    4.476585] intel_vsec 0000:00:0a.0: enabling device (0000 -> 0002)
[    4.479301] int3472-discrete INT3472:0b: GPIO type 0x12 unknown; the sensor may not work
[    4.479323] int3472-discrete INT3472:0b: cannot find GPIO chip INTC1007:00, deferring
[    4.482056] int3472-discrete INT3472:0c: cannot find GPIO chip INTC1007:00, deferring
[    4.483417] videodev: Linux video capture interface: v2.00
[    4.483852] int3472-discrete INT3472:0b: GPIO type 0x12 unknown; the sensor may not work
[    4.483878] int3472-discrete INT3472:0b: cannot find GPIO chip INTC1007:00, deferring
[    4.486949] int3472-discrete INT3472:0c: cannot find GPIO chip INTC1007:00, deferring
[    4.487791] pci 0000:00:08.0: Setting to D3hot
[    4.489761] resource: resource sanity check: requesting [mem 0x00000000fedc0000-0x00000000fedcffff], which spans more than pnp 00:05 [mem 0xfedc0000-0xfedc7fff]
[    4.489767] caller igen6_probe+0x15e/0x7c0 [igen6_edac] mapping multiple BARs
[    4.494550] EDAC MC0: Giving out device to module igen6_edac controller Intel_client_SoC MC#0: DEV 0000:00:00.0 (INTERRUPT)
[    4.494675] int3472-discrete INT3472:0b: GPIO type 0x12 unknown; the sensor may not work
[    4.494726] int3472-discrete INT3472:0b: cannot find GPIO chip INTC1007:00, deferring
[    4.496236] EDAC MC1: Giving out device to module igen6_edac controller Intel_client_SoC MC#1: DEV 0000:00:00.0 (INTERRUPT)
[    4.496255] EDAC igen6 MC0: HANDLING IBECC MEMORY ERROR
[    4.496256] EDAC igen6 MC0: ADDR 0x7fffffffe0 
[    4.496270] EDAC igen6 MC1: HANDLING IBECC MEMORY ERROR
[    4.496271] EDAC igen6 MC1: ADDR 0x7fffffffe0 
[    4.496506] EDAC igen6: v2.5.1
[    4.497675] int3472-discrete INT3472:0c: cannot find GPIO chip INTC1007:00, deferring
[    4.499921] pci 0000:00:05.0: Setting to D3hot
[    4.500514] int3472-discrete INT3472:0b: GPIO type 0x12 unknown; the sensor may not work
[    4.500553] int3472-discrete INT3472:0b: cannot find GPIO chip INTC1007:00, deferring
[    4.501388] intel_vpu 0000:00:0b.0: enabling device (0000 -> 0002)
[    4.503444] int3472-discrete INT3472:0c: cannot find GPIO chip INTC1007:00, deferring
[    4.504888] intel_vpu 0000:00:0b.0: [drm] *ERROR* ivpu_fw_request(): Failed to request firmware: -2
[    4.505424] int3472-discrete INT3472:0b: GPIO type 0x12 unknown; the sensor may not work
[    4.505858] int3472-discrete INT3472:0b: cannot find GPIO chip INTC1007:00, deferring
[    4.505942] intel_vpu 0000:00:0b.0: [drm] ivpu_hw_37xx_power_down(): NPU not idle during power down
[    4.506065] intel_vpu 0000:00:0b.0: probe with driver intel_vpu failed with error -2
[    4.508865] int3472-discrete INT3472:0c: cannot find GPIO chip INTC1007:00, deferring
[    4.511940] pci 0000:00:0b.0: Setting to D3hot
[    4.511983] pci 0000:00:14.2: enabling device (0000 -> 0002)
[    4.512945] ACPI: bus type thunderbolt registered
[    4.514531] int3472-discrete INT3472:0b: GPIO type 0x12 unknown; the sensor may not work
[    4.514579] int3472-discrete INT3472:0b: cannot find GPIO chip INTC1007:00, deferring
[    4.514777] input: PC Speaker as /devices/platform/pcspkr/input/input8
[    4.516210] int3472-discrete INT3472:0c: cannot find GPIO chip INTC1007:00, deferring
[    4.517333] int3472-discrete INT3472:0b: GPIO type 0x12 unknown; the sensor may not work
[    4.517365] int3472-discrete INT3472:0b: cannot find GPIO chip INTC1007:00, deferring
[    4.517790] i801_smbus 0000:00:1f.4: SPD Write Disable is set
[    4.517841] i801_smbus 0000:00:1f.4: SMBus using PCI interrupt
[    4.521934] intel_pmc_core INT33A1:00: Assuming a default substate order for this platform
[    4.522040] intel_pmc_core INT33A1:00:  initialized
[    4.522802] intel-lpss 0000:00:15.0: enabling device (0000 -> 0002)
[    4.522806] intel-ipu6 0000:00:05.0: enabling device (0000 -> 0002)
[    4.523204] intel-ipu6 0000:00:05.0: IPU6 in secure mode touch 0x80000000 mask 0x0
[    4.523868] spi-nor spi0.0: unrecognized JEDEC id bytes: f7 f0 30 09 03 00
[    4.525493] idma64 idma64.0: Found Intel integrated DMA 64-bit
[    4.528014] int3472-discrete INT3472:0c: cannot find GPIO chip INTC1007:00, deferring
[    4.528114] intel-ipu6 0000:00:05.0: FW version: 20230925
[    4.529842] intel-ipu6 0000:00:05.0: Sending BOOT_LOAD to CSE
[    4.536419] int3472-discrete INT3472:0b: GPIO type 0x12 unknown; the sensor may not work
[    4.537082] int3472-discrete INT3472:0b: cannot find GPIO chip INTC1007:00, deferring
[    4.543933] int3472-discrete INT3472:0c: cannot find GPIO chip INTC1007:00, deferring
[    4.553528] int3472-discrete INT3472:0b: GPIO type 0x12 unknown; the sensor may not work
[    4.554781] int3472-discrete INT3472:0b: cannot find GPIO chip INTC1007:00, deferring
[    4.555206] cfg80211: Loading compiled-in X.509 certificates for regulatory database
[    4.557655] Loaded X.509 cert 'sforshee: 00b28ddf47aef9cea7'
[    4.557738] Loaded X.509 cert 'wens: 61c038651aabdcf94bd0ac7ff06c7248db18c600'
[    4.557770] platform regulatory.0: Direct firmware load for regulatory.db failed with error -2
[    4.557772] cfg80211: failed to load regulatory.db
[    4.568794] intel-ipu6 0000:00:05.0: Sending AUTHENTICATE_RUN to CSE
[    4.612547] Bluetooth: Core ver 2.22
[    4.612567] NET: Registered PF_BLUETOOTH protocol family
[    4.612568] Bluetooth: HCI device and connection manager initialized
[    4.612571] Bluetooth: HCI socket layer initialized
[    4.612573] Bluetooth: L2CAP socket layer initialized
[    4.612577] Bluetooth: SCO socket layer initialized
[    4.615418] intel_rapl_msr: PL4 support detected.
[    4.616267] intel_rapl_common: Found RAPL domain package
[    4.616269] intel_rapl_common: Found RAPL domain core
[    4.616269] intel_rapl_common: Found RAPL domain uncore
[    4.616271] intel_rapl_common: Found RAPL domain psys
[    4.618675] i2c i2c-14: Memory type 0x23 not supported yet, not instantiating SPD
[    4.621759] intel-ipu6 0000:00:05.0: CSE authenticate_run done
[    4.621766] intel-ipu6 0000:00:05.0: IPU6-v4[7d19] hardware version 6
[    4.623392] int3472-discrete INT3472:0c: cannot find GPIO chip INTC1007:00, deferring
[    4.625271] iTCO_vendor_support: vendor-support=0
[    4.626055] RAPL PMU: API unit is 2^-32 Joules, 4 fixed counters, 655360 ms ovfl timer
[    4.626057] RAPL PMU: hw unit of domain pp0-core 2^-14 Joules
[    4.626058] RAPL PMU: hw unit of domain package 2^-14 Joules
[    4.626058] RAPL PMU: hw unit of domain pp1-gpu 2^-14 Joules
[    4.626058] RAPL PMU: hw unit of domain psys 2^-14 Joules
[    4.627416] mei_gsc_proxy 0000:00:16.0-0f73db04-97ab-4125-b893-e904ad0d5464: bound 0000:00:02.0 (ops i915_gsc_proxy_component_ops [i915])
[    4.628157] cryptd: max_cpu_qlen set to 1000
[    4.629019] int3472-discrete INT3472:0b: GPIO type 0x12 unknown; the sensor may not work
[    4.629836] int3472-discrete INT3472:0b: cannot find GPIO chip INTC1007:00, deferring
[    4.634852] Intel(R) Wireless WiFi driver for Linux
[    4.635152] iwlwifi 0000:09:00.0: enabling device (0000 -> 0002)
[    4.635475] proc_thermal_pci 0000:00:04.0: enabling device (0000 -> 0002)
[    4.637698] intel_rapl_common: Found RAPL domain package
[    4.639675] iTCO_wdt iTCO_wdt: Found a Intel PCH TCO device (Version=6, TCOBASE=0x0400)
[    4.639775] iTCO_wdt iTCO_wdt: initialized. heartbeat=30 sec (nowayout=0)
[    4.649187] int3472-discrete INT3472:0c: cannot find GPIO chip INTC1007:00, deferring
[    4.649545] iwlwifi 0000:09:00.0: Detected crf-id 0x2001910, cnv-id 0x2001910 wfpm id 0x80000000
[    4.649929] iwlwifi 0000:09:00.0: PCI dev 272b/00f0, rev=0x472, rfid=0x112200
[    4.652474] int3472-discrete INT3472:0b: GPIO type 0x12 unknown; the sensor may not work
[    4.654462] int3472-discrete INT3472:0b: cannot find GPIO chip INTC1007:00, deferring
[    4.658312] int3472-discrete INT3472:0c: cannot find GPIO chip INTC1007:00, deferring
[    4.659004] iwlwifi 0000:09:00.0: TLV_FW_FSEQ_VERSION: FSEQ Version: 0.0.4.164
[    4.659314] iwlwifi 0000:09:00.0: loaded firmware version 90.38c93dbc.0 gl-c0-fm-c0-90.ucode op_mode iwlmvm
[    4.660122] int3472-discrete INT3472:0b: GPIO type 0x12 unknown; the sensor may not work
[    4.660573] int3472-discrete INT3472:0b: cannot find GPIO chip INTC1007:00, deferring
[    4.662637] int3472-discrete INT3472:0c: cannot find GPIO chip INTC1007:00, deferring
[    4.679841] AVX2 version of gcm_enc/dec engaged.
[    4.679906] AES CTR mode by8 optimization enabled
[    4.680343] pps_core: LinuxPPS API ver. 1 registered
[    4.680346] pps_core: Software ver. 5.3.6 - Copyright 2005-2007 Rodolfo Giometti <giometti@linux.it>
[    4.684469] usbcore: registered new interface driver btusb
[    4.685209] PTP clock support registered
[    4.685960] Bluetooth: hci0: Device revision is 0
[    4.685965] Bluetooth: hci0: Secure boot is enabled
[    4.685967] Bluetooth: hci0: OTP lock is disabled
[    4.685968] Bluetooth: hci0: API lock is enabled
[    4.685968] Bluetooth: hci0: Debug lock is disabled
[    4.685969] Bluetooth: hci0: Minimum firmware build 1 week 10 2014
[    4.685971] Bluetooth: hci0: Bootloader timestamp 2022.18 buildtype 1 build 16362
[    4.687508] Bluetooth: hci0: DSM reset method type: 0x01
[    4.688952] ACPI Warning: \_SB.PC00.XHCI.RHUB.HS10._DSM: Argument #4 type mismatch - Found [Buffer], ACPI requires [Package] (20240322/nsarguments-61)
[    4.689421] int3472-discrete INT3472:0b: GPIO type 0x12 unknown; the sensor may not work
[    4.690100] int3472-discrete INT3472:0b: cannot find GPIO chip INTC1007:00, deferring
[    4.692830] Bluetooth: hci0: Found device firmware: intel/ibt-0291-0291.sfi
[    4.692839] Bluetooth: hci0: Boot Address: 0x100800
[    4.692840] Bluetooth: hci0: Firmware Version: 99-18.24
[    4.694909] snd_hda_intel 0000:00:1f.3: Digital mics found on Skylake+ platform, using SOF driver
[    4.699149] int3472-discrete INT3472:0c: cannot find GPIO chip INTC1007:00, deferring
[    4.702284] int3472-discrete INT3472:0b: GPIO type 0x12 unknown; the sensor may not work
[    4.703215] int3472-discrete INT3472:0b: cannot find GPIO chip INTC1007:00, deferring
[    4.719414] int3472-discrete INT3472:0c: cannot find GPIO chip INTC1007:00, deferring
[    4.724572] int3472-discrete INT3472:0b: GPIO type 0x12 unknown; the sensor may not work
[    4.724946] int3472-discrete INT3472:0b: cannot find GPIO chip INTC1007:00, deferring
[    4.728829] int3472-discrete INT3472:0c: cannot find GPIO chip INTC1007:00, deferring
[    4.754885] int3472-discrete INT3472:0b: GPIO type 0x12 unknown; the sensor may not work
[    4.756203] int3472-discrete INT3472:0b: cannot find GPIO chip INTC1007:00, deferring
[    4.762259] int3472-discrete INT3472:0c: cannot find GPIO chip INTC1007:00, deferring
[    4.779611] int3472-discrete INT3472:0b: GPIO type 0x12 unknown; the sensor may not work
[    4.779958] int3472-discrete INT3472:0b: cannot find GPIO chip INTC1007:00, deferring
[    4.784433] int3472-discrete INT3472:0c: cannot find GPIO chip INTC1007:00, deferring
[    4.786564] int3472-discrete INT3472:0b: GPIO type 0x12 unknown; the sensor may not work
[    4.786915] int3472-discrete INT3472:0b: cannot find GPIO chip INTC1007:00, deferring
[    4.788896] intel-lpss 0000:00:15.1: enabling device (0000 -> 0002)
[    4.789691] idma64 idma64.1: Found Intel integrated DMA 64-bit
[    4.792354] int3472-discrete INT3472:0c: cannot find GPIO chip INTC1007:00, deferring
[    4.794617] int3472-discrete INT3472:0b: GPIO type 0x12 unknown; the sensor may not work
[    4.795138] int3472-discrete INT3472:0b: cannot find GPIO chip INTC1007:00, deferring
[    4.823505] int3472-discrete INT3472:0c: cannot find GPIO chip INTC1007:00, deferring
[    4.830051] int3472-discrete INT3472:0b: GPIO type 0x12 unknown; the sensor may not work
[    4.831601] int3472-discrete INT3472:0b: cannot find GPIO chip INTC1007:00, deferring
[    4.886271] iwlwifi 0000:09:00.0: Detected Intel(R) Wi-Fi 7 BE200 320MHz, REV=0x472
[    4.897918] int3472-discrete INT3472:0c: cannot find GPIO chip INTC1007:00, deferring
[    4.900195] int3472-discrete INT3472:0b: GPIO type 0x12 unknown; the sensor may not work
[    4.900741] int3472-discrete INT3472:0b: cannot find GPIO chip INTC1007:00, deferring
[    4.911176] typec port0: bound usb3-port3 (ops connector_ops)
[    4.911193] typec port0: bound usb2-port1 (ops connector_ops)
[    4.915647] iwlwifi 0000:09:00.0: WRT: Invalid buffer destination
[    4.930524] sof-audio-pci-intel-mtl 0000:00:1f.3: DSP detected with PCI class/subclass/prog-if 0x040380
[    4.930573] sof-audio-pci-intel-mtl 0000:00:1f.3: bound 0000:00:02.0 (ops i915_audio_component_bind_ops [i915])
[    4.938648] sof-audio-pci-intel-mtl 0000:00:1f.3: use msi interrupt mode
[    4.941418] int3472-discrete INT3472:0c: cannot find GPIO chip INTC1007:00, deferring
[    4.943546] int3472-discrete INT3472:0b: GPIO type 0x12 unknown; the sensor may not work
[    4.944199] int3472-discrete INT3472:0b: cannot find GPIO chip INTC1007:00, deferring
[    4.946896] int3472-discrete INT3472:0c: cannot find GPIO chip INTC1007:00, deferring
[    4.949395] int3472-discrete INT3472:0b: GPIO type 0x12 unknown; the sensor may not work
[    4.951450] int3472-discrete INT3472:0b: cannot find GPIO chip INTC1007:00, deferring
[    4.970489] int3472-discrete INT3472:0c: cannot find GPIO chip INTC1007:00, deferring
[    4.976231] int3472-discrete INT3472:0b: GPIO type 0x12 unknown; the sensor may not work
[    4.976845] int3472-discrete INT3472:0b: cannot find GPIO chip INTC1007:00, deferring
[    4.994975] psmouse serio1: trackpoint: Elan TrackPoint firmware: 0x00, buttons: 3/3
[    5.007281] input: TPPS/2 Elan TrackPoint as /devices/platform/i8042/serio1/input/input9
[    5.012348] mousedev: PS/2 mouse device common for all mice
[    5.014670] int3472-discrete INT3472:0c: cannot find GPIO chip INTC1007:00, deferring
[    5.029957] int3472-discrete INT3472:0b: GPIO type 0x12 unknown; the sensor may not work
[    5.030469] int3472-discrete INT3472:0b: cannot find GPIO chip INTC1007:00, deferring
[    5.037972] int3472-discrete INT3472:0c: cannot find GPIO chip INTC1007:00, deferring
[    5.039771] int3472-discrete INT3472:0b: GPIO type 0x12 unknown; the sensor may not work
[    5.040133] int3472-discrete INT3472:0b: cannot find GPIO chip INTC1007:00, deferring
[    5.042375] int3472-discrete INT3472:0c: cannot find GPIO chip INTC1007:00, deferring
[    5.052469] i2c_hid_acpi i2c-ELAN901C:00: i2c_hid_get_input: IRQ triggered but there's no data
[    5.055802] int3472-discrete INT3472:0b: GPIO type 0x12 unknown; the sensor may not work
[    5.056893] sof-audio-pci-intel-mtl 0000:00:1f.3: hda codecs found, mask 5
[    5.056898] sof-audio-pci-intel-mtl 0000:00:1f.3: using HDA machine driver skl_hda_dsp_generic now
[    5.056902] sof-audio-pci-intel-mtl 0000:00:1f.3: DMICs detected in NHLT tables: 2
[    5.056967] int3472-discrete INT3472:0b: cannot find GPIO chip INTC1007:00, deferring
[    5.059351] input: ELAN06D4:00 04F3:32B5 Mouse as /devices/pci0000:00/0000:00:15.0/i2c_designware.0/i2c-15/i2c-ELAN06D4:00/0018:04F3:32B5.0001/input/input10
[    5.059398] input: ELAN06D4:00 04F3:32B5 Touchpad as /devices/pci0000:00/0000:00:15.0/i2c_designware.0/i2c-15/i2c-ELAN06D4:00/0018:04F3:32B5.0001/input/input12
[    5.059445] hid-generic 0018:04F3:32B5.0001: input,hidraw0: I2C HID v1.00 Mouse [ELAN06D4:00 04F3:32B5] on i2c-ELAN06D4:00
[    5.059619] input: ELAN901C:00 04F3:4250 Touchscreen as /devices/pci0000:00/0000:00:15.1/i2c_designware.1/i2c-16/i2c-ELAN901C:00/0018:04F3:4250.0002/input/input13
[    5.059658] input: ELAN901C:00 04F3:4250 as /devices/pci0000:00/0000:00:15.1/i2c_designware.1/i2c-16/i2c-ELAN901C:00/0018:04F3:4250.0002/input/input14
[    5.059681] input: ELAN901C:00 04F3:4250 as /devices/pci0000:00/0000:00:15.1/i2c_designware.1/i2c-16/i2c-ELAN901C:00/0018:04F3:4250.0002/input/input15
[    5.059715] hid-generic 0018:04F3:4250.0002: input,hidraw1: I2C HID v1.00 Device [ELAN901C:00 04F3:4250] on i2c-ELAN901C:00
[    5.060510] sof-audio-pci-intel-mtl 0000:00:1f.3: Firmware paths/files for ipc type 1:
[    5.060514] sof-audio-pci-intel-mtl 0000:00:1f.3:  Firmware file:     intel/sof-ipc4/mtl/sof-mtl.ri
[    5.060516] sof-audio-pci-intel-mtl 0000:00:1f.3:  Firmware lib path: intel/sof-ipc4-lib/mtl
[    5.060517] sof-audio-pci-intel-mtl 0000:00:1f.3:  Topology file:     intel/sof-ace-tplg/sof-hda-generic-2ch.tplg
[    5.060632] int3472-discrete INT3472:0c: cannot find GPIO chip INTC1007:00, deferring
[    5.061766] sof-audio-pci-intel-mtl 0000:00:1f.3: Loaded firmware library: ADSPFW, version: 2.10.0.1
[    5.063014] int3472-discrete INT3472:0b: GPIO type 0x12 unknown; the sensor may not work
[    5.063476] int3472-discrete INT3472:0b: cannot find GPIO chip INTC1007:00, deferring
[    5.066175] int3472-discrete INT3472:0c: cannot find GPIO chip INTC1007:00, deferring
[    5.152367] int3472-discrete INT3472:0b: GPIO type 0x12 unknown; the sensor may not work
[    5.153863] int3472-discrete INT3472:0b: cannot find GPIO chip INTC1007:00, deferring
[    5.156588] ish-hid {33AECD58-B679-4E54-9BD9-A04D34F0C226}: [hid-ish]: enum_devices_done OK, num_hid_devices=4
[    5.160387] int3472-discrete INT3472:0c: cannot find GPIO chip INTC1007:00, deferring
[    5.163692] hid-generic 001F:8087:0AC2.0003: hidraw2: SENSOR HUB HID v2.00 Device [hid-ishtp 8087:0AC2] on 
[    5.168603] int3472-discrete INT3472:0b: GPIO type 0x12 unknown; the sensor may not work
[    5.169232] int3472-discrete INT3472:0b: cannot find GPIO chip INTC1007:00, deferring
[    5.170618] hid-generic 001F:8087:0AC2.0004: hidraw3: SENSOR HUB HID v2.00 Device [hid-ishtp 8087:0AC2] on 
[    5.175009] int3472-discrete INT3472:0c: cannot find GPIO chip INTC1007:00, deferring
[    5.177383] hid-generic 001F:8087:0AC2.0005: hidraw4: SENSOR HUB HID v2.00 Device [hid-ishtp 8087:0AC2] on 
[    5.178552] int3472-discrete INT3472:0b: GPIO type 0x12 unknown; the sensor may not work
[    5.179368] int3472-discrete INT3472:0b: cannot find GPIO chip INTC1007:00, deferring
[    5.179406] hid-generic 001F:8087:0AC2.0006: hidraw5: SENSOR HUB HID v2.00 Device [hid-ishtp 8087:0AC2] on 
[    5.186916] iwlwifi 0000:09:00.0: loaded PNVM version da3b5cf2
[    5.187996] int3472-discrete INT3472:0c: cannot find GPIO chip INTC1007:00, deferring
[    5.196416] int3472-discrete INT3472:0b: GPIO type 0x12 unknown; the sensor may not work
[    5.197207] sof-audio-pci-intel-mtl 0000:00:1f.3: Booted firmware version: 2.10.0.1
[    5.198878] int3472-discrete INT3472:0b: cannot find GPIO chip INTC1007:00, deferring
[    5.207254] iwlwifi 0000:09:00.0: Detected RF FM, rfid=0x112200
[    5.220245] sof-audio-pci-intel-mtl 0000:00:1f.3: Topology: ABI 3:29:0 Kernel ABI 3:23:0
[    5.220493] skl_hda_dsp_generic skl_hda_dsp_generic: ASoC: Parent card not yet available, widget card binding deferred
[    5.221094] input: ELAN06D4:00 04F3:32B5 Mouse as /devices/pci0000:00/0000:00:15.0/i2c_designware.0/i2c-15/i2c-ELAN06D4:00/0018:04F3:32B5.0001/input/input17
[    5.250544] snd_hda_codec_realtek ehdaudio0D0: autoconfig for ALC287: line_outs=1 (0x17/0x0/0x0/0x0/0x0) type:speaker
[    5.250549] snd_hda_codec_realtek ehdaudio0D0:    speaker_outs=0 (0x0/0x0/0x0/0x0/0x0)
[    5.250551] snd_hda_codec_realtek ehdaudio0D0:    hp_outs=1 (0x21/0x0/0x0/0x0/0x0)
[    5.250553] snd_hda_codec_realtek ehdaudio0D0:    mono: mono_out=0x0
[    5.250554] snd_hda_codec_realtek ehdaudio0D0:    inputs:
[    5.250556] snd_hda_codec_realtek ehdaudio0D0:      Mic=0x19
[    5.289687] input: ELAN06D4:00 04F3:32B5 Touchpad as /devices/pci0000:00/0000:00:15.0/i2c_designware.0/i2c-15/i2c-ELAN06D4:00/0018:04F3:32B5.0001/input/input19
[    5.297214] skl_hda_dsp_generic skl_hda_dsp_generic: hda_dsp_hdmi_build_controls: no PCM in topology for HDMI converter 3
[    5.299992] iwlwifi 0000:09:00.0: base HW address: 90:09:df:24:b1:84
[    5.316672] hid-multitouch 0018:04F3:32B5.0001: input,hidraw0: I2C HID v1.00 Mouse [ELAN06D4:00 04F3:32B5] on i2c-ELAN06D4:00
[    5.318627] input: sof-hda-dsp Mic as /devices/pci0000:00/0000:00:1f.3/skl_hda_dsp_generic/sound/card0/input20
[    5.319211] hid-sensor-hub 001F:8087:0AC2.0003: hidraw2: SENSOR HUB HID v2.00 Device [hid-ishtp 8087:0AC2] on 
[    5.320037] hid-sensor-hub 001F:8087:0AC2.0004: hidraw3: SENSOR HUB HID v2.00 Device [hid-ishtp 8087:0AC2] on 
[    5.320664] hid-sensor-hub 001F:8087:0AC2.0005: hidraw4: SENSOR HUB HID v2.00 Device [hid-ishtp 8087:0AC2] on 
[    5.320888] hid-sensor-hub 001F:8087:0AC2.0006: hidraw5: SENSOR HUB HID v2.00 Device [hid-ishtp 8087:0AC2] on 
[    5.328096] int3472-discrete INT3472:0c: cannot find GPIO chip INTC1007:00, deferring
[    5.333417] int3472-discrete INT3472:0b: GPIO type 0x12 unknown; the sensor may not work
[    5.333888] int3472-discrete INT3472:0b: cannot find GPIO chip INTC1007:00, deferring
[    5.336352] int3472-discrete INT3472:0c: cannot find GPIO chip INTC1007:00, deferring
[    5.361072] input: sof-hda-dsp Headphone as /devices/pci0000:00/0000:00:1f.3/skl_hda_dsp_generic/sound/card0/input21
[    5.361115] input: sof-hda-dsp HDMI/DP,pcm=3 as /devices/pci0000:00/0000:00:1f.3/skl_hda_dsp_generic/sound/card0/input22
[    5.361144] input: sof-hda-dsp HDMI/DP,pcm=4 as /devices/pci0000:00/0000:00:1f.3/skl_hda_dsp_generic/sound/card0/input23
[    5.361169] input: sof-hda-dsp HDMI/DP,pcm=5 as /devices/pci0000:00/0000:00:1f.3/skl_hda_dsp_generic/sound/card0/input24
[    5.367936] int3472-discrete INT3472:0b: GPIO type 0x12 unknown; the sensor may not work
[    5.370401] int3472-discrete INT3472:0b: cannot find GPIO chip INTC1007:00, deferring
[    5.372610] input: ELAN901C:00 04F3:4250 as /devices/pci0000:00/0000:00:15.1/i2c_designware.1/i2c-16/i2c-ELAN901C:00/0018:04F3:4250.0002/input/input25
[    5.372883] input: ELAN901C:00 04F3:4250 UNKNOWN as /devices/pci0000:00/0000:00:15.1/i2c_designware.1/i2c-16/i2c-ELAN901C:00/0018:04F3:4250.0002/input/input26
[    5.372943] input: ELAN901C:00 04F3:4250 UNKNOWN as /devices/pci0000:00/0000:00:15.1/i2c_designware.1/i2c-16/i2c-ELAN901C:00/0018:04F3:4250.0002/input/input27
[    5.373001] hid-multitouch 0018:04F3:4250.0002: input,hidraw1: I2C HID v1.00 Device [ELAN901C:00 04F3:4250] on i2c-ELAN901C:00
[    5.374597] int3472-discrete INT3472:0c: cannot find GPIO chip INTC1007:00, deferring
[    5.376496] int3472-discrete INT3472:0b: GPIO type 0x12 unknown; the sensor may not work
[    5.376852] int3472-discrete INT3472:0b: cannot find GPIO chip INTC1007:00, deferring
[    5.379830] int3472-discrete INT3472:0c: cannot find GPIO chip INTC1007:00, deferring
[    5.392190] int3472-discrete INT3472:0b: GPIO type 0x12 unknown; the sensor may not work
[    5.392589] int3472-discrete INT3472:0b: cannot find GPIO chip INTC1007:00, deferring
[    5.394710] int3472-discrete INT3472:0c: cannot find GPIO chip INTC1007:00, deferring
[    5.397402] int3472-discrete INT3472:0b: GPIO type 0x12 unknown; the sensor may not work
[    5.398003] int3472-discrete INT3472:0b: cannot find GPIO chip INTC1007:00, deferring
[    5.400214] int3472-discrete INT3472:0c: cannot find GPIO chip INTC1007:00, deferring
[    5.401618] int3472-discrete INT3472:0b: GPIO type 0x12 unknown; the sensor may not work
[    5.401978] int3472-discrete INT3472:0b: cannot find GPIO chip INTC1007:00, deferring
[    5.405050] int3472-discrete INT3472:0c: cannot find GPIO chip INTC1007:00, deferring
[    5.417708] int3472-discrete INT3472:0b: GPIO type 0x12 unknown; the sensor may not work
[    5.419337] int3472-discrete INT3472:0b: cannot find GPIO chip INTC1007:00, deferring
[    5.423897] int3472-discrete INT3472:0c: cannot find GPIO chip INTC1007:00, deferring
[    5.429124] int3472-discrete INT3472:0b: GPIO type 0x12 unknown; the sensor may not work
[    5.431079] int3472-discrete INT3472:0b: cannot find GPIO chip INTC1007:00, deferring
[    5.437800] int3472-discrete INT3472:0c: cannot find GPIO chip INTC1007:00, deferring
[    5.439301] int3472-discrete INT3472:0b: GPIO type 0x12 unknown; the sensor may not work
[    5.439665] int3472-discrete INT3472:0b: cannot find GPIO chip INTC1007:00, deferring
[    5.441660] int3472-discrete INT3472:0c: cannot find GPIO chip INTC1007:00, deferring
[    5.443180] int3472-discrete INT3472:0b: GPIO type 0x12 unknown; the sensor may not work
[    5.443674] int3472-discrete INT3472:0b: cannot find GPIO chip INTC1007:00, deferring
[    5.448171] int3472-discrete INT3472:0c: cannot find GPIO chip INTC1007:00, deferring
[    5.453871] int3472-discrete INT3472:0b: GPIO type 0x12 unknown; the sensor may not work
[    5.453920] int3472-discrete INT3472:0b: cannot find GPIO chip INTC1007:00, deferring
[    5.458565] int3472-discrete INT3472:0c: cannot find GPIO chip INTC1007:00, deferring
[    5.460569] int3472-discrete INT3472:0b: GPIO type 0x12 unknown; the sensor may not work
[    5.460933] int3472-discrete INT3472:0b: cannot find GPIO chip INTC1007:00, deferring
[    5.463025] int3472-discrete INT3472:0c: cannot find GPIO chip INTC1007:00, deferring
[    5.614986] iwlwifi 0000:09:00.0: WRT: Invalid buffer destination
[    5.686965] typec port1: bound usb3-port1 (ops connector_ops)
[    5.686988] typec port1: bound usb2-port3 (ops connector_ops)
[    6.008425] iwlwifi 0000:09:00.0: Registered PHC clock: iwlwifi-PTP, with index: 0
[    6.148355] iwlwifi 0000:09:00.0: WRT: Invalid buffer destination
[    6.196939] int3472-discrete INT3472:0b: GPIO type 0x12 unknown; the sensor may not work
[    6.196995] int3472-discrete INT3472:0b: cannot find GPIO chip INTC1007:00, deferring
[    6.200615] int3472-discrete INT3472:0c: cannot find GPIO chip INTC1007:00, deferring
[    6.839215] Bluetooth: hci0: Waiting for firmware download to complete
[    6.840157] Bluetooth: hci0: Firmware loaded in 2096996 usecs
[    6.840335] Bluetooth: hci0: Waiting for device to boot
[    6.892119] Bluetooth: hci0: Malformed MSFT vendor event: 0x02
[    6.892159] Bluetooth: hci0: Device booted in 50754 usecs
[    6.902435] Bluetooth: hci0: Found Intel DDC parameters: intel/ibt-0291-0291.ddc
[    6.904150] Bluetooth: hci0: Applying Intel DDC parameters completed
[    6.907150] Bluetooth: hci0: Firmware timestamp 2024.18 buildtype 1 build 58211
[    6.907157] Bluetooth: hci0: Firmware SHA1: 0x762a7cf8
[    6.911038] Bluetooth: hci0: Fseq status: Success (0x00)
[    6.911043] Bluetooth: hci0: Fseq executed: 00.00.04.164
[    6.911045] Bluetooth: hci0: Fseq BT Top: 00.00.04.164
[   10.953878] wlan0: authenticate with 44:48:c1:a9:ed:30 (local address=90:09:df:24:b1:84)
[   10.954981] wlan0: send auth to 44:48:c1:a9:ed:30 (try 1/3)
[   10.958112] wlan0: authenticated
[   10.959496] wlan0: associate with 44:48:c1:a9:ed:30 (try 1/3)
[   10.964485] wlan0: RX AssocResp from 44:48:c1:a9:ed:30 (capab=0x1011 status=0 aid=1)
[   10.969907] wlan0: associated
[   10.973096] wlan0: Limiting TX power to 30 (30 - 0) dBm as advertised by 44:48:c1:a9:ed:30
[   16.401250] int3472-discrete INT3472:0b: GPIO type 0x12 unknown; the sensor may not work
[   16.401318] int3472-discrete INT3472:0b: cannot find GPIO chip INTC1007:00, deferring
[   16.403149] int3472-discrete INT3472:0c: cannot find GPIO chip INTC1007:00, deferring
[   16.403527] platform INT3472:0b: deferred probe pending: int3472-discrete: Failed to get GPIO
[   16.403533] platform INT3472:0c: deferred probe pending: int3472-discrete: Failed to get GPIO
